<html>
<body>
<pre>
<h1>礦ision Build Log</h1>
<h2>Tool Versions:</h2>
IDE-Version: μVision V5.15
Copyright (C) 2015 ARM Ltd and ARM Germany GmbH. All rights reserved.
License Information: dggd sg, sdgdfg, LIC=47GII-TPLBE-V1BP8-3SIX3-VTY5U-YR34B
 
Tool Versions:
Toolchain:       MDK-ARM Standard  Version: 5.15.0
Toolchain Path:  C:\Keil_v5\ARM\ARMCC\Bin
C Compiler:      Armcc.exe V5.05 update 2 (build 169)
Assembler:       Armasm.exe V5.05 update 2 (build 169)
Linker/Locator:  ArmLink.exe V5.05 update 2 (build 169)
Library Manager: ArmAr.exe V5.05 update 2 (build 169)
Hex Converter:   FromElf.exe V5.05 update 2 (build 169)
CPU DLL:         SARMCM3.DLL V5.15.0
Dialog DLL:      DARMSTM.DLL V1.65.0.0
Target DLL:      CMSIS_AGDI.dll V1.21.12.0
Dialog DLL:      DARMSTM.DLL V1.65.0.0
 
<h2>Project:</h2>
C:\Users\Administrator\Desktop\倒立摆\我的\Pendulum\pendulum.uvprojx
Project File Date:  06/24/2018

<h2>Output:</h2>
*** Using Compiler 'V5.05 update 2 (build 169)', folder: 'C:\Keil_v5\ARM\ARMCC\Bin'
Rebuild target 'Pendulum'
compiling PID.c...
compiling main.c...
compiling stm32f10x_it.c...
compiling delay.c...
compiling beep.c...
compiling timer.c...
HARDWARE\timer.c(96): warning:  #177-D: variable "NVIC_InitStructure" was declared but never referenced
        NVIC_InitTypeDef                         NVIC_InitStructure; 
HARDWARE\timer.c(153): warning:  #177-D: variable "NVIC_InitStructure" was declared but never referenced
        NVIC_InitTypeDef                         NVIC_InitStructure; 
HARDWARE\timer.c: 2 warnings, 0 errors
compiling OLED.c...
compiling word.c...
compiling systick.c...
compiling usart_1.c...
compiling LED.c...
compiling KEY.c...
compiling core_cm3.c...
compiling system_stm32f10x.c...
assembling startup_stm32f10x_hd.s...
compiling misc.c...
compiling stm32f10x_exti.c...
compiling stm32f10x_gpio.c...
compiling stm32f10x_rcc.c...
compiling stm32f10x_tim.c...
compiling stm32f10x_usart.c...
linking...
Program Size: Code=12114 RO-data=3906 RW-data=96 ZI-data=1512  
".\Objects\pendulum.axf" - 0 Error(s), 2 Warning(s).

<h2>Collection of Component include folders:</h2>
  C:\Users\Administrator\Desktop\倒立摆\我的\Pendulum\RTE
  C:\Keil_v5\ARM\PACK\Keil\STM32F1xx_DFP\2.0.0\Device\Include

<h2>Collection of Component Files used:</h2>
</pre>
</body>
</html>
