Component: ARM Compiler 5.05 update 2 (build 169) Tool: armlink [4d0f33]

==============================================================================

Section Cross References

    pid.o(i.PID_Init) refers to memseta.o(.text) for __aeabi_memclr4
    pid.o(i.PID_Init) refers to f2d.o(.text) for __aeabi_f2d
    pid.o(i.PID_Init) refers to printfa.o(i.__0sprintf) for __2sprintf
    pid.o(i.PID_Init) refers to oled.o(i.OLED_Show_String) for OLED_Show_String
    pid.o(i.PID_Init) refers to pid.o(.bss) for IN_PID
    pid.o(i.PID_Operation) refers to fflti.o(.text) for __aeabi_i2f
    pid.o(i.PID_Operation) refers to fmul.o(.text) for __aeabi_fmul
    pid.o(i.PID_Operation) refers to fadd.o(.text) for __aeabi_fadd
    pid.o(i.PID_Operation) refers to ffixi.o(.text) for __aeabi_f2iz
    pid.o(i.PID_Operation) refers to pid.o(i.constrain_int16) for constrain_int16
    pid.o(i.PID_Output) refers to pid.o(i.PID_Operation) for PID_Operation
    pid.o(i.PID_Output) refers to timer.o(i.Set_PWM_Value) for Set_PWM_Value
    pid.o(i.PID_Output) refers to pid.o(i.Start_Launch) for Start_Launch
    pid.o(i.PID_Output) refers to timer.o(.data) for motor_address
    pid.o(i.PID_Output) refers to pid.o(.bss) for IN_PID
    pid.o(i.PID_Output) refers to main.o(.data) for start
    pid.o(i.Start_Launch) refers to timer.o(i.Set_PWM_Value) for Set_PWM_Value
    pid.o(i.Start_Launch) refers to delay.o(i.Delay_ms) for Delay_ms
    pid.o(i.constrain_float) refers to cfcmple.o(.text) for __aeabi_cfcmple
    pid.o(i.constrain_float) refers to cfrcmple.o(.text) for __aeabi_cfrcmple
    main.o(i.main) refers to oled.o(i.OLED_Init) for OLED_Init
    main.o(i.main) refers to led.o(i.LED_Init) for LED_Init
    main.o(i.main) refers to key.o(i.Key_Init) for Key_Init
    main.o(i.main) refers to beep.o(i.Beep_Init) for Beep_Init
    main.o(i.main) refers to usart_1.o(i.USART1_Config) for USART1_Config
    main.o(i.main) refers to timer.o(i.Timer2_PWM_Init) for Timer2_PWM_Init
    main.o(i.main) refers to timer.o(i.Timer4_Motor_Encoder) for Timer4_Motor_Encoder
    main.o(i.main) refers to timer.o(i.Timer3_Pendulum_Encoder) for Timer3_Pendulum_Encoder
    main.o(i.main) refers to oled.o(i.OLED_Show_String) for OLED_Show_String
    main.o(i.main) refers to beep.o(i.Beep_Warning) for Beep_Warning
    main.o(i.main) refers to led.o(i.LED_Start) for LED_Start
    main.o(i.main) refers to pid.o(i.PID_Init) for PID_Init
    main.o(i.main) refers to timer.o(i.Timer1_PID_T) for Timer1_PID_T
    main.o(i.main) refers to oled.o(i.OLED_Show_encoder_address) for OLED_Show_encoder_address
    main.o(i.main) refers to main.o(.data) for motor
    stm32f10x_it.o(i.SysTick_Handler) refers to systick.o(i.TimingDelay_Decrement) for TimingDelay_Decrement
    delay.o(i.Delay_ms_nop) refers to delay.o(i.Delay_us_nop) for Delay_us_nop
    beep.o(i.Beep_Init) refers to stm32f10x_rcc.o(i.RCC_APB2PeriphClockCmd) for RCC_APB2PeriphClockCmd
    beep.o(i.Beep_Init) refers to stm32f10x_gpio.o(i.GPIO_Init) for GPIO_Init
    beep.o(i.Beep_Init) refers to stm32f10x_gpio.o(i.GPIO_ResetBits) for GPIO_ResetBits
    beep.o(i.Beep_Warning) refers to stm32f10x_gpio.o(i.GPIO_SetBits) for GPIO_SetBits
    beep.o(i.Beep_Warning) refers to delay.o(i.Delay_ms) for Delay_ms
    beep.o(i.Beep_Warning) refers to stm32f10x_gpio.o(i.GPIO_ResetBits) for GPIO_ResetBits
    timer.o(i.TIM1_UP_IRQHandler) refers to stm32f10x_tim.o(i.TIM_GetITStatus) for TIM_GetITStatus
    timer.o(i.TIM1_UP_IRQHandler) refers to pid.o(i.PID_Output) for PID_Output
    timer.o(i.TIM1_UP_IRQHandler) refers to stm32f10x_tim.o(i.TIM_ClearITPendingBit) for TIM_ClearITPendingBit
    timer.o(i.TIM1_UP_IRQHandler) refers to timer.o(.data) for motor_address
    timer.o(i.TIM2_IRQHandler) refers to stm32f10x_tim.o(i.TIM_GetITStatus) for TIM_GetITStatus
    timer.o(i.TIM2_IRQHandler) refers to stm32f10x_tim.o(i.TIM_ClearITPendingBit) for TIM_ClearITPendingBit
    timer.o(i.TIM3_IRQHandler) refers to stm32f10x_tim.o(i.TIM_GetITStatus) for TIM_GetITStatus
    timer.o(i.TIM3_IRQHandler) refers to stm32f10x_tim.o(i.TIM_ClearITPendingBit) for TIM_ClearITPendingBit
    timer.o(i.Timer1_PID_T) refers to stm32f10x_rcc.o(i.RCC_APB2PeriphClockCmd) for RCC_APB2PeriphClockCmd
    timer.o(i.Timer1_PID_T) refers to stm32f10x_tim.o(i.TIM_DeInit) for TIM_DeInit
    timer.o(i.Timer1_PID_T) refers to stm32f10x_tim.o(i.TIM_TimeBaseInit) for TIM_TimeBaseInit
    timer.o(i.Timer1_PID_T) refers to stm32f10x_tim.o(i.TIM_ClearFlag) for TIM_ClearFlag
    timer.o(i.Timer1_PID_T) refers to stm32f10x_tim.o(i.TIM_ITConfig) for TIM_ITConfig
    timer.o(i.Timer1_PID_T) refers to misc.o(i.NVIC_PriorityGroupConfig) for NVIC_PriorityGroupConfig
    timer.o(i.Timer1_PID_T) refers to misc.o(i.NVIC_Init) for NVIC_Init
    timer.o(i.Timer1_PID_T) refers to stm32f10x_tim.o(i.TIM_Cmd) for TIM_Cmd
    timer.o(i.Timer2_PWM_Init) refers to stm32f10x_rcc.o(i.RCC_APB1PeriphClockCmd) for RCC_APB1PeriphClockCmd
[...]
    printf6.o(i.__0printf$6) refers to stdout.o(.data) for __stdout
    printf6.o(i.__0snprintf$6) refers to printf6.o(i._printf_core) for _printf_core
    printf6.o(i.__0snprintf$6) refers to printf6.o(i._snputc) for _snputc
    printf6.o(i.__0sprintf$6) refers to printf6.o(i._printf_core) for _printf_core
    printf6.o(i.__0sprintf$6) refers to printf6.o(i._sputc) for _sputc
    printf6.o(i.__0vfprintf$6) refers to printf6.o(i._printf_core) for _printf_core
    printf6.o(i.__0vfprintf$6) refers to usart_1.o(i.fputc) for fputc
    printf6.o(i.__0vprintf$6) refers to printf6.o(i._printf_core) for _printf_core
    printf6.o(i.__0vprintf$6) refers to usart_1.o(i.fputc) for fputc
    printf6.o(i.__0vprintf$6) refers to stdout.o(.data) for __stdout
    printf6.o(i.__0vsnprintf$6) refers to printf6.o(i._printf_core) for _printf_core
    printf6.o(i.__0vsnprintf$6) refers to printf6.o(i._snputc) for _snputc
    printf6.o(i.__0vsprintf$6) refers to printf6.o(i._printf_core) for _printf_core
    printf6.o(i.__0vsprintf$6) refers to printf6.o(i._sputc) for _sputc
    printf6.o(i._printf_core) refers to printf6.o(i._printf_pre_padding) for _printf_pre_padding
    printf6.o(i._printf_core) refers to uidiv.o(.text) for __aeabi_uidivmod
    printf6.o(i._printf_core) refers to printf6.o(i._printf_post_padding) for _printf_post_padding
    printf7.o(i.__0fprintf$7) refers to printf7.o(i._printf_core) for _printf_core
    printf7.o(i.__0fprintf$7) refers to usart_1.o(i.fputc) for fputc
    printf7.o(i.__0printf$7) refers to printf7.o(i._printf_core) for _printf_core
    printf7.o(i.__0printf$7) refers to usart_1.o(i.fputc) for fputc
    printf7.o(i.__0printf$7) refers to stdout.o(.data) for __stdout
    printf7.o(i.__0snprintf$7) refers to printf7.o(i._printf_core) for _printf_core
    printf7.o(i.__0snprintf$7) refers to printf7.o(i._snputc) for _snputc
    printf7.o(i.__0sprintf$7) refers to printf7.o(i._printf_core) for _printf_core
    printf7.o(i.__0sprintf$7) refers to printf7.o(i._sputc) for _sputc
    printf7.o(i.__0vfprintf$7) refers to printf7.o(i._printf_core) for _printf_core
    printf7.o(i.__0vfprintf$7) refers to usart_1.o(i.fputc) for fputc
    printf7.o(i.__0vprintf$7) refers to printf7.o(i._printf_core) for _printf_core
    printf7.o(i.__0vprintf$7) refers to usart_1.o(i.fputc) for fputc
    printf7.o(i.__0vprintf$7) refers to stdout.o(.data) for __stdout
    printf7.o(i.__0vsnprintf$7) refers to printf7.o(i._printf_core) for _printf_core
    printf7.o(i.__0vsnprintf$7) refers to printf7.o(i._snputc) for _snputc
    printf7.o(i.__0vsprintf$7) refers to printf7.o(i._printf_core) for _printf_core
    printf7.o(i.__0vsprintf$7) refers to printf7.o(i._sputc) for _sputc
    printf7.o(i._printf_core) refers to printf7.o(i._printf_pre_padding) for _printf_pre_padding
    printf7.o(i._printf_core) refers to uldiv.o(.text) for __aeabi_uldivmod
    printf7.o(i._printf_core) refers to printf7.o(i._printf_post_padding) for _printf_post_padding
    printf8.o(i.__0fprintf$8) refers to printf8.o(i._printf_core) for _printf_core
    printf8.o(i.__0fprintf$8) refers to usart_1.o(i.fputc) for fputc
    printf8.o(i.__0printf$8) refers to printf8.o(i._printf_core) for _printf_core
    printf8.o(i.__0printf$8) refers to usart_1.o(i.fputc) for fputc
    printf8.o(i.__0printf$8) refers to stdout.o(.data) for __stdout
    printf8.o(i.__0snprintf$8) refers to printf8.o(i._printf_core) for _printf_core
    printf8.o(i.__0snprintf$8) refers to printf8.o(i._snputc) for _snputc
    printf8.o(i.__0sprintf$8) refers to printf8.o(i._printf_core) for _printf_core
    printf8.o(i.__0sprintf$8) refers to printf8.o(i._sputc) for _sputc
    printf8.o(i.__0vfprintf$8) refers to printf8.o(i._printf_core) for _printf_core
    printf8.o(i.__0vfprintf$8) refers to usart_1.o(i.fputc) for fputc
    printf8.o(i.__0vprintf$8) refers to printf8.o(i._printf_core) for _printf_core
    printf8.o(i.__0vprintf$8) refers to usart_1.o(i.fputc) for fputc
    printf8.o(i.__0vprintf$8) refers to stdout.o(.data) for __stdout
    printf8.o(i.__0vsnprintf$8) refers to printf8.o(i._printf_core) for _printf_core
    printf8.o(i.__0vsnprintf$8) refers to printf8.o(i._snputc) for _snputc
    printf8.o(i.__0vsprintf$8) refers to printf8.o(i._printf_core) for _printf_core
    printf8.o(i.__0vsprintf$8) refers to printf8.o(i._sputc) for _sputc
    printf8.o(i._printf_core) refers to printf8.o(i._printf_pre_padding) for _printf_pre_padding
    printf8.o(i._printf_core) refers to uldiv.o(.text) for __aeabi_uldivmod
    printf8.o(i._printf_core) refers to printf8.o(i._printf_post_padding) for _printf_post_padding
    printfa.o(i.__0fprintf) refers (Special) to iusefp.o(.text) for __I$use$fp
    printfa.o(i.__0fprintf) refers to printfa.o(i._printf_core) for _printf_core
    printfa.o(i.__0fprintf) refers to usart_1.o(i.fputc) for fputc
    printfa.o(i.__0printf) refers (Special) to iusefp.o(.text) for __I$use$fp
    printfa.o(i.__0printf) refers to printfa.o(i._printf_core) for _printf_core
    printfa.o(i.__0printf) refers to usart_1.o(i.fputc) for fputc
    printfa.o(i.__0printf) refers to stdout.o(.data) for __stdout
    printfa.o(i.__0snprintf) refers (Special) to iusefp.o(.text) for __I$use$fp
    printfa.o(i.__0snprintf) refers to printfa.o(i._printf_core) for _printf_core
    printfa.o(i.__0snprintf) refers to printfa.o(i._snputc) for _snputc
    printfa.o(i.__0sprintf) refers (Special) to iusefp.o(.text) for __I$use$fp
    printfa.o(i.__0sprintf) refers to printfa.o(i._printf_core) for _printf_core
    printfa.o(i.__0sprintf) refers to printfa.o(i._sputc) for _sputc
    printfa.o(i.__0vfprintf) refers (Special) to iusefp.o(.text) for __I$use$fp
    printfa.o(i.__0vfprintf) refers to printfa.o(i._printf_core) for _printf_core
    printfa.o(i.__0vfprintf) refers to usart_1.o(i.fputc) for fputc
    printfa.o(i.__0vprintf) refers (Special) to iusefp.o(.text) for __I$use$fp
    printfa.o(i.__0vprintf) refers to printfa.o(i._printf_core) for _printf_core
    printfa.o(i.__0vprintf) refers to usart_1.o(i.fputc) for fputc
    printfa.o(i.__0vprintf) refers to stdout.o(.data) for __stdout
    printfa.o(i.__0vsnprintf) refers (Special) to iusefp.o(.text) for __I$use$fp
    printfa.o(i.__0vsnprintf) refers to printfa.o(i._printf_core) for _printf_core
    printfa.o(i.__0vsnprintf) refers to printfa.o(i._snputc) for _snputc
    printfa.o(i.__0vsprintf) refers (Special) to iusefp.o(.text) for __I$use$fp
    printfa.o(i.__0vsprintf) refers to printfa.o(i._printf_core) for _printf_core
    printfa.o(i.__0vsprintf) refers to printfa.o(i._sputc) for _sputc
    printfa.o(i._fp_digits) refers (Special) to iusefp.o(.text) for __I$use$fp
    printfa.o(i._fp_digits) refers to dmul.o(.text) for __aeabi_dmul
    printfa.o(i._fp_digits) refers to ddiv.o(.text) for __aeabi_ddiv
    printfa.o(i._fp_digits) refers to cdrcmple.o(.text) for __aeabi_cdrcmple
    printfa.o(i._fp_digits) refers to dadd.o(.text) for __aeabi_dadd
    printfa.o(i._fp_digits) refers to dfixul.o(.text) for __aeabi_d2ulz
    printfa.o(i._fp_digits) refers to uldiv.o(.text) for __aeabi_uldivmod
    printfa.o(i._printf_core) refers (Special) to iusefp.o(.text) for __I$use$fp
    printfa.o(i._printf_core) refers to printfa.o(i._printf_pre_padding) for _printf_pre_padding
    printfa.o(i._printf_core) refers to uldiv.o(.text) for __aeabi_uldivmod
    printfa.o(i._printf_core) refers to printfa.o(i._printf_post_padding) for _printf_post_padding
    printfa.o(i._printf_core) refers to printfa.o(i._fp_digits) for _fp_digits
    printfa.o(i._printf_core) refers to uidiv.o(.text) for __aeabi_uidivmod
    printfa.o(i._printf_post_padding) refers (Special) to iusefp.o(.text) for __I$use$fp
    printfa.o(i._printf_pre_padding) refers (Special) to iusefp.o(.text) for __I$use$fp
    printfa.o(i._snputc) refers (Special) to iusefp.o(.text) for __I$use$fp
    printfa.o(i._sputc) refers (Special) to iusefp.o(.text) for __I$use$fp
    fadd.o(.text) refers (Special) to iusefp.o(.text) for __I$use$fp
    fadd.o(.text) refers to fepilogue.o(.text) for _float_epilogue
    fmul.o(.text) refers (Special) to iusefp.o(.text) for __I$use$fp
    fflti.o(.text) refers (Special) to iusefp.o(.text) for __I$use$fp
    fflti.o(.text) refers to fepilogue.o(.text) for _float_epilogue
    ffixi.o(.text) refers (Special) to iusefp.o(.text) for __I$use$fp
    f2d.o(.text) refers (Special) to iusefp.o(.text) for __I$use$fp
    cfcmple.o(.text) refers (Special) to iusefp.o(.text) for __I$use$fp
    cfrcmple.o(.text) refers (Special) to iusefp.o(.text) for __I$use$fp
    entry2.o(.ARM.Collect$$$$00000001) refers to entry2.o(.ARM.Collect$$$$00002712) for __lit__00000000
    entry2.o(.ARM.Collect$$$$00002712) refers to startup_stm32f10x_hd.o(STACK) for __initial_sp
    entry2.o(__vectab_stack_and_reset_area) refers to startup_stm32f10x_hd.o(STACK) for __initial_sp
    entry2.o(__vectab_stack_and_reset_area) refers to entry.o(.ARM.Collect$$$$00000000) for __main
    entry5.o(.ARM.Collect$$$$00000004) refers to init.o(.text) for __scatterload
    entry9a.o(.ARM.Collect$$$$0000000B) refers to main.o(i.main) for main
    entry9b.o(.ARM.Collect$$$$0000000C) refers to main.o(i.main) for main
    uldiv.o(.text) refers to llushr.o(.text) for __aeabi_llsr
    uldiv.o(.text) refers to llshl.o(.text) for __aeabi_llsl
    dadd.o(.text) refers to llshl.o(.text) for __aeabi_llsl
    dadd.o(.text) refers to llsshr.o(.text) for __aeabi_lasr
    dadd.o(.text) refers to depilogue.o(.text) for _double_epilogue
    dmul.o(.text) refers to depilogue.o(.text) for _double_epilogue
    ddiv.o(.text) refers to depilogue.o(.text) for _double_round
    dfixul.o(.text) refers to llushr.o(.text) for __aeabi_llsr
    dfixul.o(.text) refers to llshl.o(.text) for __aeabi_llsl
    init.o(.text) refers to entry5.o(.ARM.Collect$$$$00000004) for __main_after_scatterload
    depilogue.o(.text) refers to llshl.o(.text) for __aeabi_llsl
    depilogue.o(.text) refers to llushr.o(.text) for __aeabi_llsr


==============================================================================

Removing Unused input sections from the image.

    Removing pid.o(i.constrain_float), (40 bytes).
    Removing delay.o(i.Delay_ms_nop), (20 bytes).
    Removing delay.o(i.Delay_us), (14 bytes).
    Removing delay.o(i.Delay_us_nop), (158 bytes).
    Removing oled.o(i.OLED_Display_Off), (28 bytes).
    Removing oled.o(i.OLED_Display_On), (28 bytes).
    Removing oled.o(i.OLED_ShowChinese), (104 bytes).
    Removing systick.o(i.Timing_1ms), (40 bytes).
    Removing systick.o(i.delay_us), (64 bytes).
    Removing usart_1.o(i.Send_Data), (76 bytes).
    Removing usart_1.o(i.Send_Senser), (288 bytes).
    Removing led.o(i.LED1_Twinkling), (56 bytes).
    Removing led.o(i.LED2_Twinkling), (56 bytes).
    Removing core_cm3.o(.emb_text), (32 bytes).
    Removing system_stm32f10x.o(i.SystemCoreClockUpdate), (164 bytes).
    Removing startup_stm32f10x_hd.o(HEAP), (512 bytes).
    Removing misc.o(i.NVIC_SetVectorTable), (20 bytes).
    Removing misc.o(i.NVIC_SystemLPConfig), (32 bytes).
    Removing misc.o(i.SysTick_CLKSourceConfig), (40 bytes).
    Removing stm32f10x_exti.o(i.EXTI_ClearFlag), (12 bytes).
    Removing stm32f10x_exti.o(i.EXTI_DeInit), (36 bytes).
    Removing stm32f10x_exti.o(i.EXTI_GenerateSWInterrupt), (16 bytes).
    Removing stm32f10x_exti.o(i.EXTI_GetFlagStatus), (24 bytes).
    Removing stm32f10x_exti.o(i.EXTI_StructInit), (16 bytes).
    Removing stm32f10x_gpio.o(i.GPIO_AFIODeInit), (20 bytes).
    Removing stm32f10x_gpio.o(i.GPIO_DeInit), (200 bytes).
    Removing stm32f10x_gpio.o(i.GPIO_ETH_MediaInterfaceConfig), (12 bytes).
    Removing stm32f10x_gpio.o(i.GPIO_EventOutputCmd), (12 bytes).
    Removing stm32f10x_gpio.o(i.GPIO_EventOutputConfig), (32 bytes).
    Removing stm32f10x_gpio.o(i.GPIO_PinLockConfig), (18 bytes).
    Removing stm32f10x_gpio.o(i.GPIO_PinRemapConfig), (144 bytes).
    Removing stm32f10x_gpio.o(i.GPIO_ReadInputData), (8 bytes).
    Removing stm32f10x_gpio.o(i.GPIO_ReadOutputData), (8 bytes).
    Removing stm32f10x_gpio.o(i.GPIO_ReadOutputDataBit), (18 bytes).
    Removing stm32f10x_gpio.o(i.GPIO_StructInit), (16 bytes).
    Removing stm32f10x_gpio.o(i.GPIO_Write), (4 bytes).
    Removing stm32f10x_gpio.o(i.GPIO_WriteBit), (10 bytes).
    Removing stm32f10x_rcc.o(i.RCC_ADCCLKConfig), (24 bytes).
    Removing stm32f10x_rcc.o(i.RCC_AHBPeriphClockCmd), (32 bytes).
    Removing stm32f10x_rcc.o(i.RCC_AdjustHSICalibrationValue), (24 bytes).
    Removing stm32f10x_rcc.o(i.RCC_BackupResetCmd), (12 bytes).
    Removing stm32f10x_rcc.o(i.RCC_ClearFlag), (20 bytes).
    Removing stm32f10x_rcc.o(i.RCC_ClearITPendingBit), (12 bytes).
    Removing stm32f10x_rcc.o(i.RCC_ClockSecuritySystemCmd), (12 bytes).
    Removing stm32f10x_rcc.o(i.RCC_DeInit), (76 bytes).
    Removing stm32f10x_rcc.o(i.RCC_GetFlagStatus), (60 bytes).
    Removing stm32f10x_rcc.o(i.RCC_GetITStatus), (24 bytes).
    Removing stm32f10x_rcc.o(i.RCC_GetSYSCLKSource), (16 bytes).
    Removing stm32f10x_rcc.o(i.RCC_HCLKConfig), (24 bytes).
    Removing stm32f10x_rcc.o(i.RCC_HSEConfig), (76 bytes).
    Removing stm32f10x_rcc.o(i.RCC_HSICmd), (12 bytes).
    Removing stm32f10x_rcc.o(i.RCC_ITConfig), (32 bytes).
    Removing stm32f10x_rcc.o(i.RCC_LSEConfig), (52 bytes).
    Removing stm32f10x_rcc.o(i.RCC_LSICmd), (12 bytes).
    Removing stm32f10x_rcc.o(i.RCC_MCOConfig), (12 bytes).
    Removing stm32f10x_rcc.o(i.RCC_PCLK1Config), (24 bytes).
    Removing stm32f10x_rcc.o(i.RCC_PCLK2Config), (24 bytes).
    Removing stm32f10x_rcc.o(i.RCC_PLLCmd), (12 bytes).
    Removing stm32f10x_rcc.o(i.RCC_PLLConfig), (28 bytes).
    Removing stm32f10x_rcc.o(i.RCC_RTCCLKCmd), (12 bytes).
    Removing stm32f10x_rcc.o(i.RCC_RTCCLKConfig), (16 bytes).
    Removing stm32f10x_rcc.o(i.RCC_SYSCLKConfig), (24 bytes).
    Removing stm32f10x_rcc.o(i.RCC_USBCLKConfig), (12 bytes).
    Removing stm32f10x_rcc.o(i.RCC_WaitForHSEStartUp), (56 bytes).
    Removing stm32f10x_tim.o(i.TIM_BDTRConfig), (32 bytes).
    Removing stm32f10x_tim.o(i.TIM_BDTRStructInit), (18 bytes).
    Removing stm32f10x_tim.o(i.TIM_CCPreloadControl), (24 bytes).
    Removing stm32f10x_tim.o(i.TIM_CCxCmd), (30 bytes).
    Removing stm32f10x_tim.o(i.TIM_CCxNCmd), (30 bytes).
    Removing stm32f10x_tim.o(i.TIM_ClearOC1Ref), (18 bytes).
    Removing stm32f10x_tim.o(i.TIM_ClearOC2Ref), (24 bytes).
    Removing stm32f10x_tim.o(i.TIM_ClearOC3Ref), (18 bytes).
    Removing stm32f10x_tim.o(i.TIM_ClearOC4Ref), (24 bytes).
    Removing stm32f10x_tim.o(i.TIM_CounterModeConfig), (18 bytes).
    Removing stm32f10x_tim.o(i.TIM_CtrlPWMOutputs), (30 bytes).
    Removing stm32f10x_tim.o(i.TIM_DMACmd), (18 bytes).
    Removing stm32f10x_tim.o(i.TIM_DMAConfig), (10 bytes).
    Removing stm32f10x_tim.o(i.TIM_ETRClockMode1Config), (54 bytes).
    Removing stm32f10x_tim.o(i.TIM_ETRClockMode2Config), (32 bytes).
    Removing stm32f10x_tim.o(i.TIM_ETRConfig), (28 bytes).
    Removing stm32f10x_tim.o(i.TIM_ForcedOC1Config), (18 bytes).
    Removing stm32f10x_tim.o(i.TIM_ForcedOC2Config), (26 bytes).
    Removing stm32f10x_tim.o(i.TIM_ForcedOC3Config), (18 bytes).
    Removing stm32f10x_tim.o(i.TIM_ForcedOC4Config), (26 bytes).
    Removing stm32f10x_tim.o(i.TIM_GenerateEvent), (4 bytes).
    Removing stm32f10x_tim.o(i.TIM_GetCapture1), (6 bytes).
    Removing stm32f10x_tim.o(i.TIM_GetCapture2), (6 bytes).
    Removing stm32f10x_tim.o(i.TIM_GetCapture3), (6 bytes).
    Removing stm32f10x_tim.o(i.TIM_GetCapture4), (8 bytes).
    Removing stm32f10x_tim.o(i.TIM_GetCounter), (6 bytes).
    Removing stm32f10x_tim.o(i.TIM_GetFlagStatus), (18 bytes).
    Removing stm32f10x_tim.o(i.TIM_GetPrescaler), (6 bytes).
    Removing stm32f10x_tim.o(i.TIM_ITRxExternalClockConfig), (24 bytes).
    Removing stm32f10x_tim.o(i.TIM_InternalClockConfig), (12 bytes).
    Removing stm32f10x_tim.o(i.TIM_OC1FastConfig), (18 bytes).
    Removing stm32f10x_tim.o(i.TIM_OC1Init), (152 bytes).
    Removing stm32f10x_tim.o(i.TIM_OC1NPolarityConfig), (18 bytes).
    Removing stm32f10x_tim.o(i.TIM_OC1PolarityConfig), (18 bytes).
    Removing stm32f10x_tim.o(i.TIM_OC1PreloadConfig), (18 bytes).
    Removing stm32f10x_tim.o(i.TIM_OC2FastConfig), (26 bytes).
    Removing stm32f10x_tim.o(i.TIM_OC2NPolarityConfig), (26 bytes).
    Removing stm32f10x_tim.o(i.TIM_OC2PolarityConfig), (26 bytes).
    Removing stm32f10x_tim.o(i.TIM_OC3FastConfig), (18 bytes).
    Removing stm32f10x_tim.o(i.TIM_OC3NPolarityConfig), (26 bytes).
    Removing stm32f10x_tim.o(i.TIM_OC3PolarityConfig), (26 bytes).
    Removing stm32f10x_tim.o(i.TIM_OC4FastConfig), (26 bytes).
    Removing stm32f10x_tim.o(i.TIM_OC4Init), (124 bytes).
    Removing stm32f10x_tim.o(i.TIM_OC4PolarityConfig), (26 bytes).
    Removing stm32f10x_tim.o(i.TIM_OC4PreloadConfig), (26 bytes).
    Removing stm32f10x_tim.o(i.TIM_OCStructInit), (20 bytes).
    Removing stm32f10x_tim.o(i.TIM_PWMIConfig), (124 bytes).
    Removing stm32f10x_tim.o(i.TIM_PrescalerConfig), (6 bytes).
    Removing stm32f10x_tim.o(i.TIM_SelectCCDMA), (24 bytes).
    Removing stm32f10x_tim.o(i.TIM_SelectCOM), (24 bytes).
    Removing stm32f10x_tim.o(i.TIM_SelectHallSensor), (24 bytes).
    Removing stm32f10x_tim.o(i.TIM_SelectInputTrigger), (18 bytes).
    Removing stm32f10x_tim.o(i.TIM_SelectMasterSlaveMode), (18 bytes).
    Removing stm32f10x_tim.o(i.TIM_SelectOCxM), (82 bytes).
    Removing stm32f10x_tim.o(i.TIM_SelectOnePulseMode), (18 bytes).
    Removing stm32f10x_tim.o(i.TIM_SelectOutputTrigger), (18 bytes).
    Removing stm32f10x_tim.o(i.TIM_SelectSlaveMode), (18 bytes).
    Removing stm32f10x_tim.o(i.TIM_SetAutoreload), (4 bytes).
    Removing stm32f10x_tim.o(i.TIM_SetClockDivision), (18 bytes).
    Removing stm32f10x_tim.o(i.TIM_SetCompare1), (4 bytes).
    Removing stm32f10x_tim.o(i.TIM_SetCompare2), (4 bytes).
    Removing stm32f10x_tim.o(i.TIM_SetCompare3), (4 bytes).
    Removing stm32f10x_tim.o(i.TIM_SetCompare4), (6 bytes).
    Removing stm32f10x_tim.o(i.TIM_SetCounter), (4 bytes).
    Removing stm32f10x_tim.o(i.TIM_TIxExternalClockConfig), (62 bytes).
    Removing stm32f10x_tim.o(i.TIM_TimeBaseStructInit), (18 bytes).
    Removing stm32f10x_tim.o(i.TIM_UpdateDisableConfig), (24 bytes).
    Removing stm32f10x_tim.o(i.TIM_UpdateRequestConfig), (24 bytes).
    Removing stm32f10x_usart.o(i.USART_ClockInit), (34 bytes).
    Removing stm32f10x_usart.o(i.USART_ClockStructInit), (12 bytes).
    Removing stm32f10x_usart.o(i.USART_DMACmd), (18 bytes).
    Removing stm32f10x_usart.o(i.USART_HalfDuplexCmd), (24 bytes).
    Removing stm32f10x_usart.o(i.USART_IrDACmd), (24 bytes).
    Removing stm32f10x_usart.o(i.USART_IrDAConfig), (18 bytes).
    Removing stm32f10x_usart.o(i.USART_LINBreakDetectLengthConfig), (18 bytes).
    Removing stm32f10x_usart.o(i.USART_LINCmd), (24 bytes).
    Removing stm32f10x_usart.o(i.USART_OneBitMethodCmd), (24 bytes).
    Removing stm32f10x_usart.o(i.USART_OverSampling8Cmd), (22 bytes).
    Removing stm32f10x_usart.o(i.USART_ReceiverWakeUpCmd), (24 bytes).
    Removing stm32f10x_usart.o(i.USART_SendBreak), (10 bytes).
    Removing stm32f10x_usart.o(i.USART_SetAddress), (18 bytes).
    Removing stm32f10x_usart.o(i.USART_SetGuardTime), (16 bytes).
    Removing stm32f10x_usart.o(i.USART_SetPrescaler), (16 bytes).
    Removing stm32f10x_usart.o(i.USART_SmartCardCmd), (24 bytes).
    Removing stm32f10x_usart.o(i.USART_SmartCardNACKCmd), (24 bytes).
    Removing stm32f10x_usart.o(i.USART_StructInit), (24 bytes).
    Removing stm32f10x_usart.o(i.USART_WakeUpConfig), (18 bytes).
    Removing cfcmple.o(.text), (20 bytes).
    Removing cfrcmple.o(.text), (20 bytes).

153 unused section(s) (total 5282 bytes) removed from the image.

==============================================================================

Image Symbol Table

    Local Symbols

    Symbol Name                              Value     Ov Type        Size  Object(Section)

    ../clib/microlib/division.c              0x00000000   Number         0  uldiv.o ABSOLUTE
    ../clib/microlib/division.c              0x00000000   Number         0  uidiv.o ABSOLUTE
    ../clib/microlib/init/entry.s            0x00000000   Number         0  entry8b.o ABSOLUTE
    ../clib/microlib/init/entry.s            0x00000000   Number         0  entry5.o ABSOLUTE
    ../clib/microlib/init/entry.s            0x00000000   Number         0  entry11b.o ABSOLUTE
    ../clib/microlib/init/entry.s            0x00000000   Number         0  entry.o ABSOLUTE
    ../clib/microlib/init/entry.s            0x00000000   Number         0  entry2.o ABSOLUTE
    ../clib/microlib/init/entry.s            0x00000000   Number         0  entry11a.o ABSOLUTE
    ../clib/microlib/init/entry.s            0x00000000   Number         0  entry7a.o ABSOLUTE
    ../clib/microlib/init/entry.s            0x00000000   Number         0  entry8a.o ABSOLUTE
    ../clib/microlib/init/entry.s            0x00000000   Number         0  entry9a.o ABSOLUTE
    ../clib/microlib/init/entry.s            0x00000000   Number         0  entry10a.o ABSOLUTE
    ../clib/microlib/init/entry.s            0x00000000   Number         0  entry7b.o ABSOLUTE
    ../clib/microlib/init/entry.s            0x00000000   Number         0  entry10b.o ABSOLUTE
    ../clib/microlib/init/entry.s            0x00000000   Number         0  entry9b.o ABSOLUTE
    ../clib/microlib/longlong.c              0x00000000   Number         0  llsshr.o ABSOLUTE
    ../clib/microlib/longlong.c              0x00000000   Number         0  llushr.o ABSOLUTE
    ../clib/microlib/longlong.c              0x00000000   Number         0  llshl.o ABSOLUTE
    ../clib/microlib/printf/printf.c         0x00000000   Number         0  printf8.o ABSOLUTE
    ../clib/microlib/printf/printf.c         0x00000000   Number         0  printf4.o ABSOLUTE
    ../clib/microlib/printf/printf.c         0x00000000   Number         0  printfb.o ABSOLUTE
    ../clib/microlib/printf/printf.c         0x00000000   Number         0  printfa.o ABSOLUTE
    ../clib/microlib/printf/printf.c         0x00000000   Number         0  printf7.o ABSOLUTE
    ../clib/microlib/printf/printf.c         0x00000000   Number         0  printf6.o ABSOLUTE
    ../clib/microlib/printf/printf.c         0x00000000   Number         0  printf5.o ABSOLUTE
    ../clib/microlib/printf/printf.c         0x00000000   Number         0  printf3.o ABSOLUTE
    ../clib/microlib/printf/printf.c         0x00000000   Number         0  printf2.o ABSOLUTE
    ../clib/microlib/printf/printf.c         0x00000000   Number         0  printf1.o ABSOLUTE
    ../clib/microlib/printf/printf.c         0x00000000   Number         0  printf0.o ABSOLUTE
    ../clib/microlib/printf/stubs.s          0x00000000   Number         0  stubs.o ABSOLUTE
    ../clib/microlib/stdio/streams.c         0x00000000   Number         0  stdout.o ABSOLUTE
    ../clib/microlib/string/memcpy.c         0x00000000   Number         0  memcpya.o ABSOLUTE
    ../clib/microlib/string/memcpy.c         0x00000000   Number         0  memcpyb.o ABSOLUTE
    ../clib/microlib/string/memset.c         0x00000000   Number         0  memseta.o ABSOLUTE
    ../clib/microlib/stubs.s                 0x00000000   Number         0  iusefp.o ABSOLUTE
    ../fplib/microlib/f2d.c                  0x00000000   Number         0  f2d.o ABSOLUTE
    ../fplib/microlib/fpadd.c                0x00000000   Number         0  dadd.o ABSOLUTE
    ../fplib/microlib/fpadd.c                0x00000000   Number         0  fadd.o ABSOLUTE
    ../fplib/microlib/fpdiv.c                0x00000000   Number         0  ddiv.o ABSOLUTE
    ../fplib/microlib/fpepilogue.c           0x00000000   Number         0  depilogue.o ABSOLUTE
    ../fplib/microlib/fpepilogue.c           0x00000000   Number         0  fepilogue.o ABSOLUTE
    ../fplib/microlib/fpfix.c                0x00000000   Number         0  ffixi.o ABSOLUTE
    ../fplib/microlib/fpfix.c                0x00000000   Number         0  dfixul.o ABSOLUTE
    ../fplib/microlib/fpflt.c                0x00000000   Number         0  fflti.o ABSOLUTE
    ../fplib/microlib/fpmul.c                0x00000000   Number         0  fmul.o ABSOLUTE
    ../fplib/microlib/fpmul.c                0x00000000   Number         0  dmul.o ABSOLUTE
    CMSIS\startup\startup_stm32f10x_hd.s     0x00000000   Number         0  startup_stm32f10x_hd.o ABSOLUTE
    FWlib\src\misc.c                         0x00000000   Number         0  misc.o ABSOLUTE
    FWlib\src\stm32f10x_exti.c               0x00000000   Number         0  stm32f10x_exti.o ABSOLUTE
    FWlib\src\stm32f10x_gpio.c               0x00000000   Number         0  stm32f10x_gpio.o ABSOLUTE
    FWlib\src\stm32f10x_rcc.c                0x00000000   Number         0  stm32f10x_rcc.o ABSOLUTE
    FWlib\src\stm32f10x_tim.c                0x00000000   Number         0  stm32f10x_tim.o ABSOLUTE
    FWlib\src\stm32f10x_usart.c              0x00000000   Number         0  stm32f10x_usart.o ABSOLUTE
    G:\Dreamer手环\Dreamer_2\CMSIS\core_cm3.c 0x00000000   Number         0  core_cm3.o ABSOLUTE
    G:\Dreamer手环\Dreamer_2\CMSIS\system_stm32f10x.c 0x00000000   Number         0  system_stm32f10x.o ABSOLUTE
    G:\\Dreamer\312\326\273\267\\Dreamer_2\\CMSIS\\core_cm3.c 0x00000000   Number         0  core_cm3.o ABSOLUTE
    HARDWARE\KEY.c                           0x00000000   Number         0  key.o ABSOLUTE
    HARDWARE\LED.c                           0x00000000   Number         0  led.o ABSOLUTE
    HARDWARE\OLED.c                          0x00000000   Number         0  oled.o ABSOLUTE
    HARDWARE\systick.c                       0x00000000   Number         0  systick.o ABSOLUTE
    HARDWARE\timer.c                         0x00000000   Number         0  timer.o ABSOLUTE
    HARDWARE\usart_1.c                       0x00000000   Number         0  usart_1.o ABSOLUTE
    HARDWARE\word.c                          0x00000000   Number         0  word.o ABSOLUTE
    SYSTEM\PID.c                             0x00000000   Number         0  pid.o ABSOLUTE
    USER\beep.c                              0x00000000   Number         0  beep.o ABSOLUTE
    USER\delay.c                             0x00000000   Number         0  delay.o ABSOLUTE
    USER\main.c                              0x00000000   Number         0  main.o ABSOLUTE
    USER\stm32f10x_it.c                      0x00000000   Number         0  stm32f10x_it.o ABSOLUTE
    cdrcmple.s                               0x00000000   Number         0  cdrcmple.o ABSOLUTE
    cfcmple.s                                0x00000000   Number         0  cfcmple.o ABSOLUTE
    cfrcmple.s                               0x00000000   Number         0  cfrcmple.o ABSOLUTE
    dc.s                                     0x00000000   Number         0  dc.o ABSOLUTE
    handlers.s                               0x00000000   Number         0  handlers.o ABSOLUTE
    init.s                                   0x00000000   Number         0  init.o ABSOLUTE
    RESET                                    0x08000000   Section      304  startup_stm32f10x_hd.o(RESET)
    .ARM.Collect$$$$00000000                 0x08000130   Section        0  entry.o(.ARM.Collect$$$$00000000)
    .ARM.Collect$$$$00000001                 0x08000130   Section        4  entry2.o(.ARM.Collect$$$$00000001)
    .ARM.Collect$$$$00000004                 0x08000134   Section        4  entry5.o(.ARM.Collect$$$$00000004)
    .ARM.Collect$$$$00000008                 0x08000138   Section        0  entry7b.o(.ARM.Collect$$$$00000008)
    .ARM.Collect$$$$0000000A                 0x08000138   Section        0  entry8b.o(.ARM.Collect$$$$0000000A)
    .ARM.Collect$$$$0000000B                 0x08000138   Section        8  entry9a.o(.ARM.Collect$$$$0000000B)
    .ARM.Collect$$$$0000000D                 0x08000140   Section        0  entry10a.o(.ARM.Collect$$$$0000000D)
    .ARM.Collect$$$$0000000F                 0x08000140   Section        0  entry11a.o(.ARM.Collect$$$$0000000F)
    .ARM.Collect$$$$00002712                 0x08000140   Section        4  entry2.o(.ARM.Collect$$$$00002712)
    __lit__00000000                          0x08000140   Data           4  entry2.o(.ARM.Collect$$$$00002712)
    .text                                    0x08000144   Section       36  startup_stm32f10x_hd.o(.text)
    .text                                    0x08000168   Section        0  memcpya.o(.text)
    .text                                    0x0800018c   Section        0  memseta.o(.text)
    .text                                    0x080001b0   Section        0  fadd.o(.text)
    .text                                    0x08000260   Section        0  fmul.o(.text)
    .text                                    0x080002c4   Section        0  fflti.o(.text)
    .text                                    0x080002d6   Section        0  ffixi.o(.text)
    .text                                    0x08000308   Section        0  f2d.o(.text)
    .text                                    0x0800032e   Section        0  uidiv.o(.text)
    .text                                    0x0800035a   Section        0  uldiv.o(.text)
    .text                                    0x080003bc   Section        0  iusefp.o(.text)
    .text                                    0x080003bc   Section        0  fepilogue.o(.text)
    .text                                    0x0800042a   Section        0  dadd.o(.text)
    .text                                    0x08000578   Section        0  dmul.o(.text)
    .text                                    0x0800065c   Section        0  ddiv.o(.text)
    .text                                    0x0800073a   Section        0  dfixul.o(.text)
    .text                                    0x0800076c   Section       48  cdrcmple.o(.text)
    .text                                    0x0800079c   Section       36  init.o(.text)
    .text                                    0x080007c0   Section        0  llshl.o(.text)
    .text                                    0x080007de   Section        0  llushr.o(.text)
    .text                                    0x080007fe   Section        0  llsshr.o(.text)
    .text                                    0x08000822   Section        0  depilogue.o(.text)
    i.Beep_Init                              0x080008dc   Section        0  beep.o(i.Beep_Init)
    i.Beep_Warning                           0x08000914   Section        0  beep.o(i.Beep_Warning)
    i.BusFault_Handler                       0x0800094c   Section        0  stm32f10x_it.o(i.BusFault_Handler)
    i.DebugMon_Handler                       0x08000950   Section        0  stm32f10x_it.o(i.DebugMon_Handler)
    i.Delay_ms                               0x08000952   Section        0  delay.o(i.Delay_ms)
    i.EXTI15_10_IRQHandler                   0x08000968   Section        0  key.o(i.EXTI15_10_IRQHandler)
    i.EXTI_ClearITPendingBit                 0x080009ac   Section        0  stm32f10x_exti.o(i.EXTI_ClearITPendingBit)
    i.EXTI_GetITStatus                       0x080009b8   Section        0  stm32f10x_exti.o(i.EXTI_GetITStatus)
    i.EXTI_Init                              0x080009e0   Section        0  stm32f10x_exti.o(i.EXTI_Init)
    i.GPIO_EXTILineConfig                    0x08000a74   Section        0  stm32f10x_gpio.o(i.GPIO_EXTILineConfig)
    i.GPIO_Init                              0x08000ab4   Section        0  stm32f10x_gpio.o(i.GPIO_Init)
    i.GPIO_ReadInputDataBit                  0x08000bca   Section        0  stm32f10x_gpio.o(i.GPIO_ReadInputDataBit)
    i.GPIO_ResetBits                         0x08000bdc   Section        0  stm32f10x_gpio.o(i.GPIO_ResetBits)
    i.GPIO_SetBits                           0x08000be0   Section        0  stm32f10x_gpio.o(i.GPIO_SetBits)
    i.HardFault_Handler                      0x08000be4   Section        0  stm32f10x_it.o(i.HardFault_Handler)
    i.Key_Init                               0x08000be8   Section        0  key.o(i.Key_Init)
    i.LED_Init                               0x08000c6c   Section        0  led.o(i.LED_Init)
    i.LED_Start                              0x08000ca4   Section        0  led.o(i.LED_Start)
    i.MemManage_Handler                      0x08000cdc   Section        0  stm32f10x_it.o(i.MemManage_Handler)
    i.NMI_Handler                            0x08000ce0   Section        0  stm32f10x_it.o(i.NMI_Handler)
    i.NVIC_Init                              0x08000ce4   Section        0  misc.o(i.NVIC_Init)
    i.NVIC_PriorityGroupConfig               0x08000d54   Section        0  misc.o(i.NVIC_PriorityGroupConfig)
    i.OLED_Clear                             0x08000d68   Section        0  oled.o(i.OLED_Clear)
    i.OLED_Coord                             0x08000dac   Section        0  oled.o(i.OLED_Coord)
    i.OLED_GPIO_INIT                         0x08000ddc   Section        0  oled.o(i.OLED_GPIO_INIT)
    OLED_GPIO_INIT                           0x08000ddd   Thumb Code    50  oled.o(i.OLED_GPIO_INIT)
    i.OLED_Init                              0x08000e14   Section        0  oled.o(i.OLED_Init)
    i.OLED_ShowChar                          0x08000f38   Section        0  oled.o(i.OLED_ShowChar)
    i.OLED_ShowNum                           0x08000fa8   Section        0  oled.o(i.OLED_ShowNum)
    i.OLED_Show_String                       0x08001000   Section        0  oled.o(i.OLED_Show_String)
    i.OLED_Show_encoder_address              0x08001038   Section        0  oled.o(i.OLED_Show_encoder_address)
    i.PID_Init                               0x080010cc   Section        0  pid.o(i.PID_Init)
    i.PID_Operation                          0x08001160   Section        0  pid.o(i.PID_Operation)
    i.PID_Output                             0x08001264   Section        0  pid.o(i.PID_Output)
    i.PendSV_Handler                         0x08001350   Section        0  stm32f10x_it.o(i.PendSV_Handler)
    i.RCC_APB1PeriphClockCmd                 0x08001354   Section        0  stm32f10x_rcc.o(i.RCC_APB1PeriphClockCmd)
    i.RCC_APB1PeriphResetCmd                 0x08001374   Section        0  stm32f10x_rcc.o(i.RCC_APB1PeriphResetCmd)
    i.RCC_APB2PeriphClockCmd                 0x08001394   Section        0  stm32f10x_rcc.o(i.RCC_APB2PeriphClockCmd)
    i.RCC_APB2PeriphResetCmd                 0x080013b4   Section        0  stm32f10x_rcc.o(i.RCC_APB2PeriphResetCmd)
    i.RCC_GetClocksFreq                      0x080013d4   Section        0  stm32f10x_rcc.o(i.RCC_GetClocksFreq)
    i.SPI_Write                              0x080014a8   Section        0  oled.o(i.SPI_Write)
    i.SVC_Handler                            0x08001524   Section        0  stm32f10x_it.o(i.SVC_Handler)
    i.SetSysClock                            0x08001526   Section        0  system_stm32f10x.o(i.SetSysClock)
    SetSysClock                              0x08001527   Thumb Code     8  system_stm32f10x.o(i.SetSysClock)
    i.SetSysClockTo72                        0x08001530   Section        0  system_stm32f10x.o(i.SetSysClockTo72)
    SetSysClockTo72                          0x08001531   Thumb Code   214  system_stm32f10x.o(i.SetSysClockTo72)
    i.Set_PWM_Value                          0x08001610   Section        0  timer.o(i.Set_PWM_Value)
    i.Start_Launch                           0x0800161a   Section        0  pid.o(i.Start_Launch)
    i.SysTick_Handler                        0x08001646   Section        0  stm32f10x_it.o(i.SysTick_Handler)
    i.SysTick_Init                           0x08001650   Section        0  systick.o(i.SysTick_Init)
    SysTick_Init                             0x08001651   Thumb Code   112  systick.o(i.SysTick_Init)
    i.SystemInit                             0x080016d0   Section        0  system_stm32f10x.o(i.SystemInit)
    i.TI1_Config                             0x08001730   Section        0  stm32f10x_tim.o(i.TI1_Config)
    TI1_Config                               0x08001731   Thumb Code   108  stm32f10x_tim.o(i.TI1_Config)
    i.TI2_Config                             0x080017b0   Section        0  stm32f10x_tim.o(i.TI2_Config)
    TI2_Config                               0x080017b1   Thumb Code   130  stm32f10x_tim.o(i.TI2_Config)
    i.TI3_Config                             0x08001848   Section        0  stm32f10x_tim.o(i.TI3_Config)
    TI3_Config                               0x08001849   Thumb Code   122  stm32f10x_tim.o(i.TI3_Config)
    i.TI4_Config                             0x080018d8   Section        0  stm32f10x_tim.o(i.TI4_Config)
    TI4_Config                               0x080018d9   Thumb Code   130  stm32f10x_tim.o(i.TI4_Config)
    i.TIM1_UP_IRQHandler                     0x08001970   Section        0  timer.o(i.TIM1_UP_IRQHandler)
    i.TIM2_IRQHandler                        0x080019c8   Section        0  timer.o(i.TIM2_IRQHandler)
    i.TIM3_IRQHandler                        0x080019dc   Section        0  timer.o(i.TIM3_IRQHandler)
    i.TIM_ARRPreloadConfig                   0x080019f4   Section        0  stm32f10x_tim.o(i.TIM_ARRPreloadConfig)
    i.TIM_ClearFlag                          0x08001a0c   Section        0  stm32f10x_tim.o(i.TIM_ClearFlag)
    i.TIM_ClearITPendingBit                  0x08001a12   Section        0  stm32f10x_tim.o(i.TIM_ClearITPendingBit)
    i.TIM_Cmd                                0x08001a18   Section        0  stm32f10x_tim.o(i.TIM_Cmd)
    i.TIM_DeInit                             0x08001a30   Section        0  stm32f10x_tim.o(i.TIM_DeInit)
    i.TIM_EncoderInterfaceConfig             0x08001c18   Section        0  stm32f10x_tim.o(i.TIM_EncoderInterfaceConfig)
    i.TIM_GetITStatus                        0x08001c5a   Section        0  stm32f10x_tim.o(i.TIM_GetITStatus)
    i.TIM_ICInit                             0x08001c7c   Section        0  stm32f10x_tim.o(i.TIM_ICInit)
    i.TIM_ICStructInit                       0x08001d28   Section        0  stm32f10x_tim.o(i.TIM_ICStructInit)
    i.TIM_ITConfig                           0x08001d3a   Section        0  stm32f10x_tim.o(i.TIM_ITConfig)
    i.TIM_OC2Init                            0x08001d4c   Section        0  stm32f10x_tim.o(i.TIM_OC2Init)
    i.TIM_OC2PreloadConfig                   0x08001df0   Section        0  stm32f10x_tim.o(i.TIM_OC2PreloadConfig)
    i.TIM_OC3Init                            0x08001e0c   Section        0  stm32f10x_tim.o(i.TIM_OC3Init)
    i.TIM_OC3PreloadConfig                   0x08001eac   Section        0  stm32f10x_tim.o(i.TIM_OC3PreloadConfig)
    i.TIM_SetIC1Prescaler                    0x08001ebe   Section        0  stm32f10x_tim.o(i.TIM_SetIC1Prescaler)
    i.TIM_SetIC2Prescaler                    0x08001ed0   Section        0  stm32f10x_tim.o(i.TIM_SetIC2Prescaler)
    i.TIM_SetIC3Prescaler                    0x08001eea   Section        0  stm32f10x_tim.o(i.TIM_SetIC3Prescaler)
    i.TIM_SetIC4Prescaler                    0x08001efc   Section        0  stm32f10x_tim.o(i.TIM_SetIC4Prescaler)
    i.TIM_TimeBaseInit                       0x08001f18   Section        0  stm32f10x_tim.o(i.TIM_TimeBaseInit)
    i.Timer1_PID_T                           0x08001fbc   Section        0  timer.o(i.Timer1_PID_T)
    i.Timer2_PWM_Init                        0x08002038   Section        0  timer.o(i.Timer2_PWM_Init)
    i.Timer3_Pendulum_Encoder                0x080020e0   Section        0  timer.o(i.Timer3_Pendulum_Encoder)
    i.Timer4_Motor_Encoder                   0x08002180   Section        0  timer.o(i.Timer4_Motor_Encoder)
    i.TimingDelay_Decrement                  0x08002224   Section        0  systick.o(i.TimingDelay_Decrement)
    i.USART1_Config                          0x08002260   Section        0  usart_1.o(i.USART1_Config)
    i.USART1_IRQHandler                      0x08002318   Section        0  usart_1.o(i.USART1_IRQHandler)
    i.USART_ClearFlag                        0x08002404   Section        0  stm32f10x_usart.o(i.USART_ClearFlag)
    i.USART_ClearITPendingBit                0x08002416   Section        0  stm32f10x_usart.o(i.USART_ClearITPendingBit)
    i.USART_Cmd                              0x08002434   Section        0  stm32f10x_usart.o(i.USART_Cmd)
    i.USART_DeInit                           0x0800244c   Section        0  stm32f10x_usart.o(i.USART_DeInit)
    i.USART_GetFlagStatus                    0x080024e8   Section        0  stm32f10x_usart.o(i.USART_GetFlagStatus)
    i.USART_GetITStatus                      0x08002502   Section        0  stm32f10x_usart.o(i.USART_GetITStatus)
    i.USART_ITConfig                         0x08002556   Section        0  stm32f10x_usart.o(i.USART_ITConfig)
    i.USART_Init                             0x080025a0   Section        0  stm32f10x_usart.o(i.USART_Init)
    i.USART_ReceiveData                      0x08002678   Section        0  stm32f10x_usart.o(i.USART_ReceiveData)
    i.USART_SendData                         0x08002682   Section        0  stm32f10x_usart.o(i.USART_SendData)
    i.UsageFault_Handler                     0x0800268a   Section        0  stm32f10x_it.o(i.UsageFault_Handler)
    i.__0printf                              0x08002690   Section        0  printfa.o(i.__0printf)
    i.__0sprintf                             0x080026b0   Section        0  printfa.o(i.__0sprintf)
    i.__scatterload_copy                     0x080026d8   Section       14  handlers.o(i.__scatterload_copy)
    i.__scatterload_null                     0x080026e6   Section        2  handlers.o(i.__scatterload_null)
    i.__scatterload_zeroinit                 0x080026e8   Section       14  handlers.o(i.__scatterload_zeroinit)
    i._fp_digits                             0x080026f8   Section        0  printfa.o(i._fp_digits)
    _fp_digits                               0x080026f9   Thumb Code   334  printfa.o(i._fp_digits)
    i._printf_core                           0x0800285c   Section        0  printfa.o(i._printf_core)
    _printf_core                             0x0800285d   Thumb Code  1744  printfa.o(i._printf_core)
    i._printf_post_padding                   0x08002f38   Section        0  printfa.o(i._printf_post_padding)
    _printf_post_padding                     0x08002f39   Thumb Code    36  printfa.o(i._printf_post_padding)
    i._printf_pre_padding                    0x08002f5c   Section        0  printfa.o(i._printf_pre_padding)
    _printf_pre_padding                      0x08002f5d   Thumb Code    46  printfa.o(i._printf_pre_padding)
    i._sputc                                 0x08002f8a   Section        0  printfa.o(i._sputc)
    _sputc                                   0x08002f8b   Thumb Code    10  printfa.o(i._sputc)
    i.constrain_int16                        0x08002f94   Section        0  pid.o(i.constrain_int16)
    i.delay_ms                               0x08002fac   Section        0  systick.o(i.delay_ms)
    i.fputc                                  0x08002fec   Section        0  usart_1.o(i.fputc)
    i.main                                   0x08003010   Section        0  main.o(i.main)
    i.oled_pow                               0x0800306c   Section        0  oled.o(i.oled_pow)
    oled_pow                                 0x0800306d   Thumb Code    22  oled.o(i.oled_pow)
    .constdata                               0x08003082   Section     3570  word.o(.constdata)
    .data                                    0x20000000   Section       19  main.o(.data)
    .data                                    0x20000014   Section       17  timer.o(.data)
    .data                                    0x20000028   Section        8  systick.o(.data)
    TimingDelay                              0x2000002c   Data           4  systick.o(.data)
    .data                                    0x20000030   Section        3  usart_1.o(.data)
    .data                                    0x20000034   Section       20  system_stm32f10x.o(.data)
    .data                                    0x20000048   Section       20  stm32f10x_rcc.o(.data)
    APBAHBPrescTable                         0x20000048   Data          16  stm32f10x_rcc.o(.data)
    ADCPrescTable                            0x20000058   Data           4  stm32f10x_rcc.o(.data)
    .data                                    0x2000005c   Section        4  stdout.o(.data)
    .bss                                     0x20000060   Section      118  pid.o(.bss)
    .bss                                     0x200000d6   Section      366  usart_1.o(.bss)
    STACK                                    0x20000248   Section     1024  startup_stm32f10x_hd.o(STACK)

    Global Symbols

    Symbol Name                              Value     Ov Type        Size  Object(Section)

    BuildAttributes$$THM_ISAv4$P$D$K$B$S$PE$A:L22UL41UL21$X:L11$S22US41US21$IEEE1$IW$USESV6$~STKCKD$USESV7$~SHL$OTIME$ROPI$EBA8$MICROLIB$REQ8$PRES8$EABIv2 0x00000000   Number         0  anon$$obj.o ABSOLUTE
    __ARM_use_no_argv                        0x00000000   Number         0  main.o ABSOLUTE
    _printf_a                                0x00000000   Number         0  stubs.o ABSOLUTE
    _printf_c                                0x00000000   Number         0  stubs.o ABSOLUTE
    _printf_charcount                        0x00000000   Number         0  stubs.o ABSOLUTE
    _printf_d                                0x00000000   Number         0  stubs.o ABSOLUTE
    _printf_e                                0x00000000   Number         0  stubs.o ABSOLUTE
    _printf_f                                0x00000000   Number         0  stubs.o ABSOLUTE
    _printf_flags                            0x00000000   Number         0  stubs.o ABSOLUTE
    _printf_fp_dec                           0x00000000   Number         0  stubs.o ABSOLUTE
    _printf_fp_hex                           0x00000000   Number         0  stubs.o ABSOLUTE
    _printf_g                                0x00000000   Number         0  stubs.o ABSOLUTE
    _printf_i                                0x00000000   Number         0  stubs.o ABSOLUTE
    _printf_int_dec                          0x00000000   Number         0  stubs.o ABSOLUTE
    _printf_l                                0x00000000   Number         0  stubs.o ABSOLUTE
    _printf_lc                               0x00000000   Number         0  stubs.o ABSOLUTE
    _printf_ll                               0x00000000   Number         0  stubs.o ABSOLUTE
    _printf_lld                              0x00000000   Number         0  stubs.o ABSOLUTE
    _printf_lli                              0x00000000   Number         0  stubs.o ABSOLUTE
    _printf_llo                              0x00000000   Number         0  stubs.o ABSOLUTE
    _printf_llu                              0x00000000   Number         0  stubs.o ABSOLUTE
    _printf_llx                              0x00000000   Number         0  stubs.o ABSOLUTE
    _printf_longlong_dec                     0x00000000   Number         0  stubs.o ABSOLUTE
    _printf_longlong_hex                     0x00000000   Number         0  stubs.o ABSOLUTE
    _printf_longlong_oct                     0x00000000   Number         0  stubs.o ABSOLUTE
    _printf_ls                               0x00000000   Number         0  stubs.o ABSOLUTE
    _printf_mbtowc                           0x00000000   Number         0  stubs.o ABSOLUTE
    _printf_n                                0x00000000   Number         0  stubs.o ABSOLUTE
    _printf_o                                0x00000000   Number         0  stubs.o ABSOLUTE
    _printf_p                                0x00000000   Number         0  stubs.o ABSOLUTE
    _printf_percent                          0x00000000   Number         0  stubs.o ABSOLUTE
    _printf_pre_padding                      0x00000000   Number         0  stubs.o ABSOLUTE
    _printf_return_value                     0x00000000   Number         0  stubs.o ABSOLUTE
    _printf_s                                0x00000000   Number         0  stubs.o ABSOLUTE
    _printf_sizespec                         0x00000000   Number         0  stubs.o ABSOLUTE
    _printf_str                              0x00000000   Number         0  stubs.o ABSOLUTE
    _printf_truncate_signed                  0x00000000   Number         0  stubs.o ABSOLUTE
    _printf_truncate_unsigned                0x00000000   Number         0  stubs.o ABSOLUTE
    _printf_u                                0x00000000   Number         0  stubs.o ABSOLUTE
    _printf_wc                               0x00000000   Number         0  stubs.o ABSOLUTE
    _printf_wctomb                           0x00000000   Number         0  stubs.o ABSOLUTE
    _printf_widthprec                        0x00000000   Number         0  stubs.o ABSOLUTE
    _printf_x                                0x00000000   Number         0  stubs.o ABSOLUTE
    __cpp_initialize__aeabi_                  - Undefined Weak Reference
    __cxa_finalize                            - Undefined Weak Reference
    __decompress                              - Undefined Weak Reference
    _clock_init                               - Undefined Weak Reference
    _microlib_exit                            - Undefined Weak Reference
    __Vectors_Size                           0x00000130   Number         0  startup_stm32f10x_hd.o ABSOLUTE
    __Vectors                                0x08000000   Data           4  startup_stm32f10x_hd.o(RESET)
    __Vectors_End                            0x08000130   Data           0  startup_stm32f10x_hd.o(RESET)
    __main                                   0x08000131   Thumb Code     0  entry.o(.ARM.Collect$$$$00000000)
    _main_stk                                0x08000131   Thumb Code     0  entry2.o(.ARM.Collect$$$$00000001)
    _main_scatterload                        0x08000135   Thumb Code     0  entry5.o(.ARM.Collect$$$$00000004)
    __main_after_scatterload                 0x08000139   Thumb Code     0  entry5.o(.ARM.Collect$$$$00000004)
    _main_clock                              0x08000139   Thumb Code     0  entry7b.o(.ARM.Collect$$$$00000008)
    _main_cpp_init                           0x08000139   Thumb Code     0  entry8b.o(.ARM.Collect$$$$0000000A)
    _main_init                               0x08000139   Thumb Code     0  entry9a.o(.ARM.Collect$$$$0000000B)
    __rt_final_cpp                           0x08000141   Thumb Code     0  entry10a.o(.ARM.Collect$$$$0000000D)
    __rt_final_exit                          0x08000141   Thumb Code     0  entry11a.o(.ARM.Collect$$$$0000000F)
    Reset_Handler                            0x08000145   Thumb Code     8  startup_stm32f10x_hd.o(.text)
    ADC1_2_IRQHandler                        0x0800015f   Thumb Code     0  startup_stm32f10x_hd.o(.text)
    ADC3_IRQHandler                          0x0800015f   Thumb Code     0  startup_stm32f10x_hd.o(.text)
    CAN1_RX1_IRQHandler                      0x0800015f   Thumb Code     0  startup_stm32f10x_hd.o(.text)
    CAN1_SCE_IRQHandler                      0x0800015f   Thumb Code     0  startup_stm32f10x_hd.o(.text)
    DMA1_Channel1_IRQHandler                 0x0800015f   Thumb Code     0  startup_stm32f10x_hd.o(.text)
    DMA1_Channel2_IRQHandler                 0x0800015f   Thumb Code     0  startup_stm32f10x_hd.o(.text)
    DMA1_Channel3_IRQHandler                 0x0800015f   Thumb Code     0  startup_stm32f10x_hd.o(.text)
    DMA1_Channel4_IRQHandler                 0x0800015f   Thumb Code     0  startup_stm32f10x_hd.o(.text)
    DMA1_Channel5_IRQHandler                 0x0800015f   Thumb Code     0  startup_stm32f10x_hd.o(.text)
    DMA1_Channel6_IRQHandler                 0x0800015f   Thumb Code     0  startup_stm32f10x_hd.o(.text)
    DMA1_Channel7_IRQHandler                 0x0800015f   Thumb Code     0  startup_stm32f10x_hd.o(.text)
    DMA2_Channel1_IRQHandler                 0x0800015f   Thumb Code     0  startup_stm32f10x_hd.o(.text)
    DMA2_Channel2_IRQHandler                 0x0800015f   Thumb Code     0  startup_stm32f10x_hd.o(.text)
    DMA2_Channel3_IRQHandler                 0x0800015f   Thumb Code     0  startup_stm32f10x_hd.o(.text)
    DMA2_Channel4_5_IRQHandler               0x0800015f   Thumb Code     0  startup_stm32f10x_hd.o(.text)
    EXTI0_IRQHandler                         0x0800015f   Thumb Code     0  startup_stm32f10x_hd.o(.text)
    EXTI1_IRQHandler                         0x0800015f   Thumb Code     0  startup_stm32f10x_hd.o(.text)
    EXTI2_IRQHandler                         0x0800015f   Thumb Code     0  startup_stm32f10x_hd.o(.text)
    EXTI3_IRQHandler                         0x0800015f   Thumb Code     0  startup_stm32f10x_hd.o(.text)
    EXTI4_IRQHandler                         0x0800015f   Thumb Code     0  startup_stm32f10x_hd.o(.text)
    EXTI9_5_IRQHandler                       0x0800015f   Thumb Code     0  startup_stm32f10x_hd.o(.text)
    FLASH_IRQHandler                         0x0800015f   Thumb Code     0  startup_stm32f10x_hd.o(.text)
    FSMC_IRQHandler                          0x0800015f   Thumb Code     0  startup_stm32f10x_hd.o(.text)
    I2C1_ER_IRQHandler                       0x0800015f   Thumb Code     0  startup_stm32f10x_hd.o(.text)
    I2C1_EV_IRQHandler                       0x0800015f   Thumb Code     0  startup_stm32f10x_hd.o(.text)
    I2C2_ER_IRQHandler                       0x0800015f   Thumb Code     0  startup_stm32f10x_hd.o(.text)
    I2C2_EV_IRQHandler                       0x0800015f   Thumb Code     0  startup_stm32f10x_hd.o(.text)
    PVD_IRQHandler                           0x0800015f   Thumb Code     0  startup_stm32f10x_hd.o(.text)
    RCC_IRQHandler                           0x0800015f   Thumb Code     0  startup_stm32f10x_hd.o(.text)
    RTCAlarm_IRQHandler                      0x0800015f   Thumb Code     0  startup_stm32f10x_hd.o(.text)
    RTC_IRQHandler                           0x0800015f   Thumb Code     0  startup_stm32f10x_hd.o(.text)
    SDIO_IRQHandler                          0x0800015f   Thumb Code     0  startup_stm32f10x_hd.o(.text)
    SPI1_IRQHandler                          0x0800015f   Thumb Code     0  startup_stm32f10x_hd.o(.text)
    SPI2_IRQHandler                          0x0800015f   Thumb Code     0  startup_stm32f10x_hd.o(.text)
    SPI3_IRQHandler                          0x0800015f   Thumb Code     0  startup_stm32f10x_hd.o(.text)
    TAMPER_IRQHandler                        0x0800015f   Thumb Code     0  startup_stm32f10x_hd.o(.text)
    TIM1_BRK_IRQHandler                      0x0800015f   Thumb Code     0  startup_stm32f10x_hd.o(.text)
    TIM1_CC_IRQHandler                       0x0800015f   Thumb Code     0  startup_stm32f10x_hd.o(.text)
    TIM1_TRG_COM_IRQHandler                  0x0800015f   Thumb Code     0  startup_stm32f10x_hd.o(.text)
    TIM4_IRQHandler                          0x0800015f   Thumb Code     0  startup_stm32f10x_hd.o(.text)
    TIM5_IRQHandler                          0x0800015f   Thumb Code     0  startup_stm32f10x_hd.o(.text)
    TIM6_IRQHandler                          0x0800015f   Thumb Code     0  startup_stm32f10x_hd.o(.text)
    TIM7_IRQHandler                          0x0800015f   Thumb Code     0  startup_stm32f10x_hd.o(.text)
    TIM8_BRK_IRQHandler                      0x0800015f   Thumb Code     0  startup_stm32f10x_hd.o(.text)
    TIM8_CC_IRQHandler                       0x0800015f   Thumb Code     0  startup_stm32f10x_hd.o(.text)
    TIM8_TRG_COM_IRQHandler                  0x0800015f   Thumb Code     0  startup_stm32f10x_hd.o(.text)
    TIM8_UP_IRQHandler                       0x0800015f   Thumb Code     0  startup_stm32f10x_hd.o(.text)
    UART4_IRQHandler                         0x0800015f   Thumb Code     0  startup_stm32f10x_hd.o(.text)
    UART5_IRQHandler                         0x0800015f   Thumb Code     0  startup_stm32f10x_hd.o(.text)
    USART2_IRQHandler                        0x0800015f   Thumb Code     0  startup_stm32f10x_hd.o(.text)
    USART3_IRQHandler                        0x0800015f   Thumb Code     0  startup_stm32f10x_hd.o(.text)
    USBWakeUp_IRQHandler                     0x0800015f   Thumb Code     0  startup_stm32f10x_hd.o(.text)
    USB_HP_CAN1_TX_IRQHandler                0x0800015f   Thumb Code     0  startup_stm32f10x_hd.o(.text)
    USB_LP_CAN1_RX0_IRQHandler               0x0800015f   Thumb Code     0  startup_stm32f10x_hd.o(.text)
    WWDG_IRQHandler                          0x0800015f   Thumb Code     0  startup_stm32f10x_hd.o(.text)
    __aeabi_memcpy                           0x08000169   Thumb Code    36  memcpya.o(.text)
    __aeabi_memcpy4                          0x08000169   Thumb Code     0  memcpya.o(.text)
    __aeabi_memcpy8                          0x08000169   Thumb Code     0  memcpya.o(.text)
    __aeabi_memset                           0x0800018d   Thumb Code    14  memseta.o(.text)
    __aeabi_memset4                          0x0800018d   Thumb Code     0  memseta.o(.text)
    __aeabi_memset8                          0x0800018d   Thumb Code     0  memseta.o(.text)
    __aeabi_memclr                           0x0800019b   Thumb Code     4  memseta.o(.text)
    __aeabi_memclr4                          0x0800019b   Thumb Code     0  memseta.o(.text)
    __aeabi_memclr8                          0x0800019b   Thumb Code     0  memseta.o(.text)
    _memset$wrapper                          0x0800019f   Thumb Code    18  memseta.o(.text)
    __aeabi_fadd                             0x080001b1   Thumb Code   164  fadd.o(.text)
    __aeabi_fsub                             0x08000255   Thumb Code     6  fadd.o(.text)
    __aeabi_frsub                            0x0800025b   Thumb Code     6  fadd.o(.text)
    __aeabi_fmul                             0x08000261   Thumb Code   100  fmul.o(.text)
    __aeabi_i2f                              0x080002c5   Thumb Code    18  fflti.o(.text)
    __aeabi_f2iz                             0x080002d7   Thumb Code    50  ffixi.o(.text)
    __aeabi_f2d                              0x08000309   Thumb Code    38  f2d.o(.text)
    __aeabi_uidiv                            0x0800032f   Thumb Code     0  uidiv.o(.text)
    __aeabi_uidivmod                         0x0800032f   Thumb Code    44  uidiv.o(.text)
    __aeabi_uldivmod                         0x0800035b   Thumb Code    98  uldiv.o(.text)
    __I$use$fp                               0x080003bd   Thumb Code     0  iusefp.o(.text)
    _float_round                             0x080003bd   Thumb Code    18  fepilogue.o(.text)
    _float_epilogue                          0x080003cf   Thumb Code    92  fepilogue.o(.text)
    __aeabi_dadd                             0x0800042b   Thumb Code   322  dadd.o(.text)
    __aeabi_dsub                             0x0800056d   Thumb Code     6  dadd.o(.text)
    __aeabi_drsub                            0x08000573   Thumb Code     6  dadd.o(.text)
    __aeabi_dmul                             0x08000579   Thumb Code   228  dmul.o(.text)
    __aeabi_ddiv                             0x0800065d   Thumb Code   222  ddiv.o(.text)
    __aeabi_d2ulz                            0x0800073b   Thumb Code    48  dfixul.o(.text)
    __aeabi_cdrcmple                         0x0800076d   Thumb Code    48  cdrcmple.o(.text)
    __scatterload                            0x0800079d   Thumb Code    28  init.o(.text)
    __scatterload_rt2                        0x0800079d   Thumb Code     0  init.o(.text)
    __aeabi_llsl                             0x080007c1   Thumb Code    30  llshl.o(.text)
    _ll_shift_l                              0x080007c1   Thumb Code     0  llshl.o(.text)
    __aeabi_llsr                             0x080007df   Thumb Code    32  llushr.o(.text)
    _ll_ushift_r                             0x080007df   Thumb Code     0  llushr.o(.text)
    __aeabi_lasr                             0x080007ff   Thumb Code    36  llsshr.o(.text)
    _ll_sshift_r                             0x080007ff   Thumb Code     0  llsshr.o(.text)
    _double_round                            0x08000823   Thumb Code    30  depilogue.o(.text)
    _double_epilogue                         0x08000841   Thumb Code   156  depilogue.o(.text)
    Beep_Init                                0x080008dd   Thumb Code    50  beep.o(i.Beep_Init)
    Beep_Warning                             0x08000915   Thumb Code    50  beep.o(i.Beep_Warning)
    BusFault_Handler                         0x0800094d   Thumb Code     4  stm32f10x_it.o(i.BusFault_Handler)
    DebugMon_Handler                         0x08000951   Thumb Code     2  stm32f10x_it.o(i.DebugMon_Handler)
    Delay_ms                                 0x08000953   Thumb Code    20  delay.o(i.Delay_ms)
    EXTI15_10_IRQHandler                     0x08000969   Thumb Code    58  key.o(i.EXTI15_10_IRQHandler)
    EXTI_ClearITPendingBit                   0x080009ad   Thumb Code     6  stm32f10x_exti.o(i.EXTI_ClearITPendingBit)
    EXTI_GetITStatus                         0x080009b9   Thumb Code    34  stm32f10x_exti.o(i.EXTI_GetITStatus)
    EXTI_Init                                0x080009e1   Thumb Code   142  stm32f10x_exti.o(i.EXTI_Init)
    GPIO_EXTILineConfig                      0x08000a75   Thumb Code    60  stm32f10x_gpio.o(i.GPIO_EXTILineConfig)
    GPIO_Init                                0x08000ab5   Thumb Code   278  stm32f10x_gpio.o(i.GPIO_Init)
    GPIO_ReadInputDataBit                    0x08000bcb   Thumb Code    18  stm32f10x_gpio.o(i.GPIO_ReadInputDataBit)
    GPIO_ResetBits                           0x08000bdd   Thumb Code     4  stm32f10x_gpio.o(i.GPIO_ResetBits)
    GPIO_SetBits                             0x08000be1   Thumb Code     4  stm32f10x_gpio.o(i.GPIO_SetBits)
    HardFault_Handler                        0x08000be5   Thumb Code     4  stm32f10x_it.o(i.HardFault_Handler)
    Key_Init                                 0x08000be9   Thumb Code   126  key.o(i.Key_Init)
    LED_Init                                 0x08000c6d   Thumb Code    50  led.o(i.LED_Init)
    LED_Start                                0x08000ca5   Thumb Code    50  led.o(i.LED_Start)
    MemManage_Handler                        0x08000cdd   Thumb Code     4  stm32f10x_it.o(i.MemManage_Handler)
    NMI_Handler                              0x08000ce1   Thumb Code     2  stm32f10x_it.o(i.NMI_Handler)
    NVIC_Init                                0x08000ce5   Thumb Code   100  misc.o(i.NVIC_Init)
    NVIC_PriorityGroupConfig                 0x08000d55   Thumb Code    10  misc.o(i.NVIC_PriorityGroupConfig)
    OLED_Clear                               0x08000d69   Thumb Code    68  oled.o(i.OLED_Clear)
    OLED_Coord                               0x08000dad   Thumb Code    46  oled.o(i.OLED_Coord)
    OLED_Init                                0x08000e15   Thumb Code   288  oled.o(i.OLED_Init)
    OLED_ShowChar                            0x08000f39   Thumb Code   106  oled.o(i.OLED_ShowChar)
    OLED_ShowNum                             0x08000fa9   Thumb Code    88  oled.o(i.OLED_ShowNum)
    OLED_Show_String                         0x08001001   Thumb Code    54  oled.o(i.OLED_Show_String)
    OLED_Show_encoder_address                0x08001039   Thumb Code   140  oled.o(i.OLED_Show_encoder_address)
    PID_Init                                 0x080010cd   Thumb Code   108  pid.o(i.PID_Init)
    PID_Operation                            0x08001161   Thumb Code   260  pid.o(i.PID_Operation)
    PID_Output                               0x08001265   Thumb Code   218  pid.o(i.PID_Output)
    PendSV_Handler                           0x08001351   Thumb Code     2  stm32f10x_it.o(i.PendSV_Handler)
    RCC_APB1PeriphClockCmd                   0x08001355   Thumb Code    26  stm32f10x_rcc.o(i.RCC_APB1PeriphClockCmd)
    RCC_APB1PeriphResetCmd                   0x08001375   Thumb Code    26  stm32f10x_rcc.o(i.RCC_APB1PeriphResetCmd)
    RCC_APB2PeriphClockCmd                   0x08001395   Thumb Code    26  stm32f10x_rcc.o(i.RCC_APB2PeriphClockCmd)
    RCC_APB2PeriphResetCmd                   0x080013b5   Thumb Code    26  stm32f10x_rcc.o(i.RCC_APB2PeriphResetCmd)
    RCC_GetClocksFreq                        0x080013d5   Thumb Code   192  stm32f10x_rcc.o(i.RCC_GetClocksFreq)
    SPI_Write                                0x080014a9   Thumb Code   118  oled.o(i.SPI_Write)
    SVC_Handler                              0x08001525   Thumb Code     2  stm32f10x_it.o(i.SVC_Handler)
    Set_PWM_Value                            0x08001611   Thumb Code    10  timer.o(i.Set_PWM_Value)
    Start_Launch                             0x0800161b   Thumb Code    44  pid.o(i.Start_Launch)
    SysTick_Handler                          0x08001647   Thumb Code     8  stm32f10x_it.o(i.SysTick_Handler)
    SystemInit                               0x080016d1   Thumb Code    78  system_stm32f10x.o(i.SystemInit)
    TIM1_UP_IRQHandler                       0x08001971   Thumb Code    66  timer.o(i.TIM1_UP_IRQHandler)
    TIM2_IRQHandler                          0x080019c9   Thumb Code    20  timer.o(i.TIM2_IRQHandler)
    TIM3_IRQHandler                          0x080019dd   Thumb Code    20  timer.o(i.TIM3_IRQHandler)
    TIM_ARRPreloadConfig                     0x080019f5   Thumb Code    24  stm32f10x_tim.o(i.TIM_ARRPreloadConfig)
    TIM_ClearFlag                            0x08001a0d   Thumb Code     6  stm32f10x_tim.o(i.TIM_ClearFlag)
    TIM_ClearITPendingBit                    0x08001a13   Thumb Code     6  stm32f10x_tim.o(i.TIM_ClearITPendingBit)
    TIM_Cmd                                  0x08001a19   Thumb Code    24  stm32f10x_tim.o(i.TIM_Cmd)
    TIM_DeInit                               0x08001a31   Thumb Code   424  stm32f10x_tim.o(i.TIM_DeInit)
    TIM_EncoderInterfaceConfig               0x08001c19   Thumb Code    66  stm32f10x_tim.o(i.TIM_EncoderInterfaceConfig)
    TIM_GetITStatus                          0x08001c5b   Thumb Code    34  stm32f10x_tim.o(i.TIM_GetITStatus)
    TIM_ICInit                               0x08001c7d   Thumb Code   150  stm32f10x_tim.o(i.TIM_ICInit)
    TIM_ICStructInit                         0x08001d29   Thumb Code    18  stm32f10x_tim.o(i.TIM_ICStructInit)
    TIM_ITConfig                             0x08001d3b   Thumb Code    18  stm32f10x_tim.o(i.TIM_ITConfig)
    TIM_OC2Init                              0x08001d4d   Thumb Code   154  stm32f10x_tim.o(i.TIM_OC2Init)
    TIM_OC2PreloadConfig                     0x08001df1   Thumb Code    26  stm32f10x_tim.o(i.TIM_OC2PreloadConfig)
    TIM_OC3Init                              0x08001e0d   Thumb Code   150  stm32f10x_tim.o(i.TIM_OC3Init)
    TIM_OC3PreloadConfig                     0x08001ead   Thumb Code    18  stm32f10x_tim.o(i.TIM_OC3PreloadConfig)
    TIM_SetIC1Prescaler                      0x08001ebf   Thumb Code    18  stm32f10x_tim.o(i.TIM_SetIC1Prescaler)
    TIM_SetIC2Prescaler                      0x08001ed1   Thumb Code    26  stm32f10x_tim.o(i.TIM_SetIC2Prescaler)
    TIM_SetIC3Prescaler                      0x08001eeb   Thumb Code    18  stm32f10x_tim.o(i.TIM_SetIC3Prescaler)
    TIM_SetIC4Prescaler                      0x08001efd   Thumb Code    26  stm32f10x_tim.o(i.TIM_SetIC4Prescaler)
    TIM_TimeBaseInit                         0x08001f19   Thumb Code   122  stm32f10x_tim.o(i.TIM_TimeBaseInit)
    Timer1_PID_T                             0x08001fbd   Thumb Code   118  timer.o(i.Timer1_PID_T)
    Timer2_PWM_Init                          0x08002039   Thumb Code   162  timer.o(i.Timer2_PWM_Init)
    Timer3_Pendulum_Encoder                  0x080020e1   Thumb Code   152  timer.o(i.Timer3_Pendulum_Encoder)
    Timer4_Motor_Encoder                     0x08002181   Thumb Code   154  timer.o(i.Timer4_Motor_Encoder)
    TimingDelay_Decrement                    0x08002225   Thumb Code    52  systick.o(i.TimingDelay_Decrement)
    USART1_Config                            0x08002261   Thumb Code   176  usart_1.o(i.USART1_Config)
    USART1_IRQHandler                        0x08002319   Thumb Code   200  usart_1.o(i.USART1_IRQHandler)
    USART_ClearFlag                          0x08002405   Thumb Code    18  stm32f10x_usart.o(i.USART_ClearFlag)
    USART_ClearITPendingBit                  0x08002417   Thumb Code    30  stm32f10x_usart.o(i.USART_ClearITPendingBit)
    USART_Cmd                                0x08002435   Thumb Code    24  stm32f10x_usart.o(i.USART_Cmd)
    USART_DeInit                             0x0800244d   Thumb Code   134  stm32f10x_usart.o(i.USART_DeInit)
    USART_GetFlagStatus                      0x080024e9   Thumb Code    26  stm32f10x_usart.o(i.USART_GetFlagStatus)
    USART_GetITStatus                        0x08002503   Thumb Code    84  stm32f10x_usart.o(i.USART_GetITStatus)
    USART_ITConfig                           0x08002557   Thumb Code    74  stm32f10x_usart.o(i.USART_ITConfig)
    USART_Init                               0x080025a1   Thumb Code   210  stm32f10x_usart.o(i.USART_Init)
    USART_ReceiveData                        0x08002679   Thumb Code    10  stm32f10x_usart.o(i.USART_ReceiveData)
    USART_SendData                           0x08002683   Thumb Code     8  stm32f10x_usart.o(i.USART_SendData)
    UsageFault_Handler                       0x0800268b   Thumb Code     4  stm32f10x_it.o(i.UsageFault_Handler)
    __0printf                                0x08002691   Thumb Code    22  printfa.o(i.__0printf)
    __1printf                                0x08002691   Thumb Code     0  printfa.o(i.__0printf)
    __2printf                                0x08002691   Thumb Code     0  printfa.o(i.__0printf)
    __c89printf                              0x08002691   Thumb Code     0  printfa.o(i.__0printf)
    printf                                   0x08002691   Thumb Code     0  printfa.o(i.__0printf)
    __0sprintf                               0x080026b1   Thumb Code    34  printfa.o(i.__0sprintf)
    __1sprintf                               0x080026b1   Thumb Code     0  printfa.o(i.__0sprintf)
    __2sprintf                               0x080026b1   Thumb Code     0  printfa.o(i.__0sprintf)
    __c89sprintf                             0x080026b1   Thumb Code     0  printfa.o(i.__0sprintf)
    sprintf                                  0x080026b1   Thumb Code     0  printfa.o(i.__0sprintf)
    __scatterload_copy                       0x080026d9   Thumb Code    14  handlers.o(i.__scatterload_copy)
    __scatterload_null                       0x080026e7   Thumb Code     2  handlers.o(i.__scatterload_null)
    __scatterload_zeroinit                   0x080026e9   Thumb Code    14  handlers.o(i.__scatterload_zeroinit)
    constrain_int16                          0x08002f95   Thumb Code    22  pid.o(i.constrain_int16)
    delay_ms                                 0x08002fad   Thumb Code    60  systick.o(i.delay_ms)
    fputc                                    0x08002fed   Thumb Code    32  usart_1.o(i.fputc)
    main                                     0x08003011   Thumb Code    84  main.o(i.main)
    F6x8                                     0x08003082   Data         552  word.o(.constdata)
    F8X16                                    0x080032aa   Data        1520  word.o(.constdata)
    F16X32                                   0x0800389a   Data         748  word.o(.constdata)
    Hzk                                      0x08003b86   Data         512  word.o(.constdata)
    BMP                                      0x08003d86   Data         238  word.o(.constdata)
    Region$$Table$$Base                      0x08003e74   Number         0  anon$$obj.o(Region$$Table)
    Region$$Table$$Limit                     0x08003e94   Number         0  anon$$obj.o(Region$$Table)
    motor                                    0x20000000   Data           7  main.o(.data)
    pendulum                                 0x20000007   Data          10  main.o(.data)
    start                                    0x20000011   Data           1  main.o(.data)
    start_pid                                0x20000012   Data           1  main.o(.data)
    motor_address                            0x20000014   Data           4  timer.o(.data)
    pendulum_address                         0x20000018   Data           4  timer.o(.data)
    turns_num                                0x2000001c   Data           1  timer.o(.data)
    relative_address                         0x20000020   Data           4  timer.o(.data)
    foreward_flag                            0x20000024   Data           1  timer.o(.data)
    timing_flag                              0x20000028   Data           1  systick.o(.data)
    Tx_Counter                               0x20000030   Data           1  usart_1.o(.data)
    Tx_Counter_Temp                          0x20000031   Data           1  usart_1.o(.data)
    Rx_Counter                               0x20000032   Data           1  usart_1.o(.data)
    SystemCoreClock                          0x20000034   Data           4  system_stm32f10x.o(.data)
    AHBPrescTable                            0x20000038   Data          16  system_stm32f10x.o(.data)
    __stdout                                 0x2000005c   Data           4  stdout.o(.data)
    IN_PID                                   0x20000060   Data          44  pid.o(.bss)
    OUT_PID                                  0x2000008c   Data          44  pid.o(.bss)
    show_pid_buf                             0x200000b8   Data          30  pid.o(.bss)
    Tx_Buffer                                0x200000d6   Data         256  usart_1.o(.bss)
    Rx_Buffer                                0x200001d6   Data          50  usart_1.o(.bss)
    data_to_send                             0x20000208   Data          50  usart_1.o(.bss)
    CmdRx_Buffer                             0x2000023a   Data          10  usart_1.o(.bss)
    __initial_sp                             0x20000648   Data           0  startup_stm32f10x_hd.o(STACK)



==============================================================================

Memory Map of the image

  Image Entry point : 0x08000131

  Load Region LR_IROM1 (Base: 0x08000000, Size: 0x00003ef4, Max: 0x00010000, ABSOLUTE)

    Execution Region ER_IROM1 (Base: 0x08000000, Size: 0x00003e94, Max: 0x00010000, ABSOLUTE)

    Base Addr    Size         Type   Attr      Idx    E Section Name        Object

    0x08000000   0x00000130   Data   RO          627    RESET               startup_stm32f10x_hd.o
    0x08000130   0x00000000   Code   RO         1764  * .ARM.Collect$$$$00000000  mc_w.l(entry.o)
    0x08000130   0x00000004   Code   RO         2048    .ARM.Collect$$$$00000001  mc_w.l(entry2.o)
    0x08000134   0x00000004   Code   RO         2051    .ARM.Collect$$$$00000004  mc_w.l(entry5.o)
    0x08000138   0x00000000   Code   RO         2053    .ARM.Collect$$$$00000008  mc_w.l(entry7b.o)
    0x08000138   0x00000000   Code   RO         2055    .ARM.Collect$$$$0000000A  mc_w.l(entry8b.o)
    0x08000138   0x00000008   Code   RO         2056    .ARM.Collect$$$$0000000B  mc_w.l(entry9a.o)
    0x08000140   0x00000000   Code   RO         2058    .ARM.Collect$$$$0000000D  mc_w.l(entry10a.o)
    0x08000140   0x00000000   Code   RO         2060    .ARM.Collect$$$$0000000F  mc_w.l(entry11a.o)
    0x08000140   0x00000004   Code   RO         2049    .ARM.Collect$$$$00002712  mc_w.l(entry2.o)
    0x08000144   0x00000024   Code   RO          628    .text               startup_stm32f10x_hd.o
    0x08000168   0x00000024   Code   RO         1767    .text               mc_w.l(memcpya.o)
    0x0800018c   0x00000024   Code   RO         1769    .text               mc_w.l(memseta.o)
    0x080001b0   0x000000b0   Code   RO         2034    .text               mf_w.l(fadd.o)
    0x08000260   0x00000064   Code   RO         2036    .text               mf_w.l(fmul.o)
    0x080002c4   0x00000012   Code   RO         2038    .text               mf_w.l(fflti.o)
    0x080002d6   0x00000032   Code   RO         2040    .text               mf_w.l(ffixi.o)
    0x08000308   0x00000026   Code   RO         2042    .text               mf_w.l(f2d.o)
    0x0800032e   0x0000002c   Code   RO         2063    .text               mc_w.l(uidiv.o)
    0x0800035a   0x00000062   Code   RO         2065    .text               mc_w.l(uldiv.o)
    0x080003bc   0x00000000   Code   RO         2067    .text               mc_w.l(iusefp.o)
    0x080003bc   0x0000006e   Code   RO         2068    .text               mf_w.l(fepilogue.o)
    0x0800042a   0x0000014e   Code   RO         2070    .text               mf_w.l(dadd.o)
    0x08000578   0x000000e4   Code   RO         2072    .text               mf_w.l(dmul.o)
    0x0800065c   0x000000de   Code   RO         2074    .text               mf_w.l(ddiv.o)
    0x0800073a   0x00000030   Code   RO         2076    .text               mf_w.l(dfixul.o)
    0x0800076a   0x00000002   PAD
    0x0800076c   0x00000030   Code   RO         2078    .text               mf_w.l(cdrcmple.o)
    0x0800079c   0x00000024   Code   RO         2080    .text               mc_w.l(init.o)
    0x080007c0   0x0000001e   Code   RO         2082    .text               mc_w.l(llshl.o)
    0x080007de   0x00000020   Code   RO         2084    .text               mc_w.l(llushr.o)
    0x080007fe   0x00000024   Code   RO         2086    .text               mc_w.l(llsshr.o)
    0x08000822   0x000000ba   Code   RO         2088    .text               mf_w.l(depilogue.o)
    0x080008dc   0x00000038   Code   RO          251    i.Beep_Init         beep.o
    0x08000914   0x00000038   Code   RO          252    i.Beep_Warning      beep.o
    0x0800094c   0x00000004   Code   RO          158    i.BusFault_Handler  stm32f10x_it.o
    0x08000950   0x00000002   Code   RO          159    i.DebugMon_Handler  stm32f10x_it.o
    0x08000952   0x00000014   Code   RO          221    i.Delay_ms          delay.o
    0x08000966   0x00000002   PAD
    0x08000968   0x00000044   Code   RO          549    i.EXTI15_10_IRQHandler  key.o
    0x080009ac   0x0000000c   Code   RO          669    i.EXTI_ClearITPendingBit  stm32f10x_exti.o
    0x080009b8   0x00000028   Code   RO          673    i.EXTI_GetITStatus  stm32f10x_exti.o
    0x080009e0   0x00000094   Code   RO          674    i.EXTI_Init         stm32f10x_exti.o
    0x08000a74   0x00000040   Code   RO          725    i.GPIO_EXTILineConfig  stm32f10x_gpio.o
    0x08000ab4   0x00000116   Code   RO          728    i.GPIO_Init         stm32f10x_gpio.o
    0x08000bca   0x00000012   Code   RO          732    i.GPIO_ReadInputDataBit  stm32f10x_gpio.o
    0x08000bdc   0x00000004   Code   RO          735    i.GPIO_ResetBits    stm32f10x_gpio.o
    0x08000be0   0x00000004   Code   RO          736    i.GPIO_SetBits      stm32f10x_gpio.o
    0x08000be4   0x00000004   Code   RO          160    i.HardFault_Handler  stm32f10x_it.o
    0x08000be8   0x00000084   Code   RO          550    i.Key_Init          key.o
    0x08000c6c   0x00000038   Code   RO          521    i.LED_Init          led.o
    0x08000ca4   0x00000038   Code   RO          522    i.LED_Start         led.o
    0x08000cdc   0x00000004   Code   RO          161    i.MemManage_Handler  stm32f10x_it.o
    0x08000ce0   0x00000002   Code   RO          162    i.NMI_Handler       stm32f10x_it.o
    0x08000ce2   0x00000002   PAD
    0x08000ce4   0x00000070   Code   RO          632    i.NVIC_Init         misc.o
    0x08000d54   0x00000014   Code   RO          633    i.NVIC_PriorityGroupConfig  misc.o
    0x08000d68   0x00000044   Code   RO          334    i.OLED_Clear        oled.o
    0x08000dac   0x0000002e   Code   RO          335    i.OLED_Coord        oled.o
    0x08000dda   0x00000002   PAD
    0x08000ddc   0x00000038   Code   RO          338    i.OLED_GPIO_INIT    oled.o
    0x08000e14   0x00000124   Code   RO          339    i.OLED_Init         oled.o
    0x08000f38   0x00000070   Code   RO          340    i.OLED_ShowChar     oled.o
    0x08000fa8   0x00000058   Code   RO          342    i.OLED_ShowNum      oled.o
    0x08001000   0x00000036   Code   RO          343    i.OLED_Show_String  oled.o
    0x08001036   0x00000002   PAD
    0x08001038   0x00000094   Code   RO          344    i.OLED_Show_encoder_address  oled.o
    0x080010cc   0x00000094   Code   RO            1    i.PID_Init          pid.o
    0x08001160   0x00000104   Code   RO            2    i.PID_Operation     pid.o
    0x08001264   0x000000ec   Code   RO            3    i.PID_Output        pid.o
    0x08001350   0x00000002   Code   RO          163    i.PendSV_Handler    stm32f10x_it.o
    0x08001352   0x00000002   PAD
    0x08001354   0x00000020   Code   RO          838    i.RCC_APB1PeriphClockCmd  stm32f10x_rcc.o
    0x08001374   0x00000020   Code   RO          839    i.RCC_APB1PeriphResetCmd  stm32f10x_rcc.o
    0x08001394   0x00000020   Code   RO          840    i.RCC_APB2PeriphClockCmd  stm32f10x_rcc.o
    0x080013b4   0x00000020   Code   RO          841    i.RCC_APB2PeriphResetCmd  stm32f10x_rcc.o
    0x080013d4   0x000000d4   Code   RO          848    i.RCC_GetClocksFreq  stm32f10x_rcc.o
    0x080014a8   0x0000007c   Code   RO          345    i.SPI_Write         oled.o
    0x08001524   0x00000002   Code   RO          164    i.SVC_Handler       stm32f10x_it.o
    0x08001526   0x00000008   Code   RO          578    i.SetSysClock       system_stm32f10x.o
    0x0800152e   0x00000002   PAD
    0x08001530   0x000000e0   Code   RO          579    i.SetSysClockTo72   system_stm32f10x.o
    0x08001610   0x0000000a   Code   RO          273    i.Set_PWM_Value     timer.o
    0x0800161a   0x0000002c   Code   RO            4    i.Start_Launch      pid.o
    0x08001646   0x00000008   Code   RO          165    i.SysTick_Handler   stm32f10x_it.o
    0x0800164e   0x00000002   PAD
    0x08001650   0x00000080   Code   RO          432    i.SysTick_Init      systick.o
    0x080016d0   0x00000060   Code   RO          581    i.SystemInit        system_stm32f10x.o
    0x08001730   0x00000080   Code   RO         1036    i.TI1_Config        stm32f10x_tim.o
    0x080017b0   0x00000098   Code   RO         1037    i.TI2_Config        stm32f10x_tim.o
    0x08001848   0x00000090   Code   RO         1038    i.TI3_Config        stm32f10x_tim.o
    0x080018d8   0x00000098   Code   RO         1039    i.TI4_Config        stm32f10x_tim.o
    0x08001970   0x00000058   Code   RO          274    i.TIM1_UP_IRQHandler  timer.o
    0x080019c8   0x00000014   Code   RO          275    i.TIM2_IRQHandler   timer.o
    0x080019dc   0x00000018   Code   RO          276    i.TIM3_IRQHandler   timer.o
    0x080019f4   0x00000018   Code   RO         1040    i.TIM_ARRPreloadConfig  stm32f10x_tim.o
    0x08001a0c   0x00000006   Code   RO         1046    i.TIM_ClearFlag     stm32f10x_tim.o
    0x08001a12   0x00000006   Code   RO         1047    i.TIM_ClearITPendingBit  stm32f10x_tim.o
    0x08001a18   0x00000018   Code   RO         1052    i.TIM_Cmd           stm32f10x_tim.o
    0x08001a30   0x000001e8   Code   RO         1057    i.TIM_DeInit        stm32f10x_tim.o
    0x08001c18   0x00000042   Code   RO         1061    i.TIM_EncoderInterfaceConfig  stm32f10x_tim.o
    0x08001c5a   0x00000022   Code   RO         1073    i.TIM_GetITStatus   stm32f10x_tim.o
    0x08001c7c   0x000000ac   Code   RO         1075    i.TIM_ICInit        stm32f10x_tim.o
    0x08001d28   0x00000012   Code   RO         1076    i.TIM_ICStructInit  stm32f10x_tim.o
    0x08001d3a   0x00000012   Code   RO         1077    i.TIM_ITConfig      stm32f10x_tim.o
    0x08001d4c   0x000000a4   Code   RO         1086    i.TIM_OC2Init       stm32f10x_tim.o
    0x08001df0   0x0000001a   Code   RO         1089    i.TIM_OC2PreloadConfig  stm32f10x_tim.o
    0x08001e0a   0x00000002   PAD
    0x08001e0c   0x000000a0   Code   RO         1091    i.TIM_OC3Init       stm32f10x_tim.o
    0x08001eac   0x00000012   Code   RO         1094    i.TIM_OC3PreloadConfig  stm32f10x_tim.o
    0x08001ebe   0x00000012   Code   RO         1118    i.TIM_SetIC1Prescaler  stm32f10x_tim.o
    0x08001ed0   0x0000001a   Code   RO         1119    i.TIM_SetIC2Prescaler  stm32f10x_tim.o
    0x08001eea   0x00000012   Code   RO         1120    i.TIM_SetIC3Prescaler  stm32f10x_tim.o
    0x08001efc   0x0000001a   Code   RO         1121    i.TIM_SetIC4Prescaler  stm32f10x_tim.o
    0x08001f16   0x00000002   PAD
    0x08001f18   0x000000a4   Code   RO         1123    i.TIM_TimeBaseInit  stm32f10x_tim.o
    0x08001fbc   0x0000007c   Code   RO          277    i.Timer1_PID_T      timer.o
    0x08002038   0x000000a8   Code   RO          278    i.Timer2_PWM_Init   timer.o
    0x080020e0   0x000000a0   Code   RO          279    i.Timer3_Pendulum_Encoder  timer.o
    0x08002180   0x000000a4   Code   RO          280    i.Timer4_Motor_Encoder  timer.o
    0x08002224   0x0000003c   Code   RO          433    i.TimingDelay_Decrement  systick.o
    0x08002260   0x000000b8   Code   RO          479    i.USART1_Config     usart_1.o
    0x08002318   0x000000ec   Code   RO          480    i.USART1_IRQHandler  usart_1.o
    0x08002404   0x00000012   Code   RO         1584    i.USART_ClearFlag   stm32f10x_usart.o
    0x08002416   0x0000001e   Code   RO         1585    i.USART_ClearITPendingBit  stm32f10x_usart.o
    0x08002434   0x00000018   Code   RO         1588    i.USART_Cmd         stm32f10x_usart.o
    0x0800244c   0x0000009c   Code   RO         1590    i.USART_DeInit      stm32f10x_usart.o
    0x080024e8   0x0000001a   Code   RO         1591    i.USART_GetFlagStatus  stm32f10x_usart.o
    0x08002502   0x00000054   Code   RO         1592    i.USART_GetITStatus  stm32f10x_usart.o
    0x08002556   0x0000004a   Code   RO         1594    i.USART_ITConfig    stm32f10x_usart.o
    0x080025a0   0x000000d8   Code   RO         1595    i.USART_Init        stm32f10x_usart.o
    0x08002678   0x0000000a   Code   RO         1602    i.USART_ReceiveData  stm32f10x_usart.o
    0x08002682   0x00000008   Code   RO         1605    i.USART_SendData    stm32f10x_usart.o
    0x0800268a   0x00000004   Code   RO          166    i.UsageFault_Handler  stm32f10x_it.o
    0x0800268e   0x00000002   PAD
    0x08002690   0x00000020   Code   RO         2006    i.__0printf         mc_w.l(printfa.o)
    0x080026b0   0x00000028   Code   RO         2008    i.__0sprintf        mc_w.l(printfa.o)
    0x080026d8   0x0000000e   Code   RO         2092    i.__scatterload_copy  mc_w.l(handlers.o)
    0x080026e6   0x00000002   Code   RO         2093    i.__scatterload_null  mc_w.l(handlers.o)
    0x080026e8   0x0000000e   Code   RO         2094    i.__scatterload_zeroinit  mc_w.l(handlers.o)
    0x080026f6   0x00000002   PAD
    0x080026f8   0x00000164   Code   RO         2013    i._fp_digits        mc_w.l(printfa.o)
    0x0800285c   0x000006dc   Code   RO         2014    i._printf_core      mc_w.l(printfa.o)
    0x08002f38   0x00000024   Code   RO         2015    i._printf_post_padding  mc_w.l(printfa.o)
    0x08002f5c   0x0000002e   Code   RO         2016    i._printf_pre_padding  mc_w.l(printfa.o)
    0x08002f8a   0x0000000a   Code   RO         2018    i._sputc            mc_w.l(printfa.o)
    0x08002f94   0x00000016   Code   RO            6    i.constrain_int16   pid.o
    0x08002faa   0x00000002   PAD
    0x08002fac   0x00000040   Code   RO          435    i.delay_ms          systick.o
    0x08002fec   0x00000024   Code   RO          481    i.fputc             usart_1.o
    0x08003010   0x0000005c   Code   RO          126    i.main              main.o
    0x0800306c   0x00000016   Code   RO          346    i.oled_pow          oled.o
    0x08003082   0x00000df2   Data   RO          420    .constdata          word.o
    0x08003e74   0x00000020   Data   RO         2090    Region$$Table       anon$$obj.o


    Execution Region RW_IRAM1 (Base: 0x20000000, Size: 0x00000648, Max: 0x00005000, ABSOLUTE)

    Base Addr    Size         Type   Attr      Idx    E Section Name        Object

    0x20000000   0x00000013   Data   RW          127    .data               main.o
    0x20000013   0x00000001   PAD
    0x20000014   0x00000011   Data   RW          281    .data               timer.o
    0x20000025   0x00000003   PAD
    0x20000028   0x00000008   Data   RW          437    .data               systick.o
    0x20000030   0x00000003   Data   RW          483    .data               usart_1.o
    0x20000033   0x00000001   PAD
    0x20000034   0x00000014   Data   RW          582    .data               system_stm32f10x.o
    0x20000048   0x00000014   Data   RW          868    .data               stm32f10x_rcc.o
    0x2000005c   0x00000004   Data   RW         2062    .data               mc_w.l(stdout.o)
    0x20000060   0x00000076   Zero   RW            7    .bss                pid.o
    0x200000d6   0x0000016e   Zero   RW          482    .bss                usart_1.o
    0x20000244   0x00000004   PAD
    0x20000248   0x00000400   Zero   RW          625    STACK               startup_stm32f10x_hd.o


==============================================================================

Image component sizes


      Code (inc. data)   RO Data    RW Data    ZI Data      Debug   Object Name

       112         12          0          0          0       1039   beep.o
         0          0          0          0          0         32   core_cm3.o
        20          0          0          0          0        443   delay.o
       200         16          0          0          0       1042   key.o
       112         12          0          0          0        947   led.o
        92          8          0         19          0       1080   main.o
       132         22          0          0          0       1419   misc.o
      1010         30          0          0          0       5840   oled.o
       710         58          0          0        118     258419   pid.o
        36          8        304          0       1024        792   startup_stm32f10x_hd.o
       200         18          0          0          0       1948   stm32f10x_exti.o
       368          4          0          0          0       4030   stm32f10x_gpio.o
        32          0          0          0          0       3754   stm32f10x_it.o
       340         44          0         20          0       5344   stm32f10x_rcc.o
      2052        234          0          0          0      14305   stm32f10x_tim.o
       646         28          0          0          0       7492   stm32f10x_usart.o
       328         28          0         20          0       2081   system_stm32f10x.o
       252         28          0          8          0      17156   systick.o
       758         56          0         17          0       4865   timer.o
       456         48          0          3        366       2898   usart_1.o
         0          0       3570          0          0        672   word.o

    ----------------------------------------------------------------------
      7878        654       3906         92       1512     335598   Object Totals
         0          0         32          0          0          0   (incl. Generated)
        22          0          0          5          4          0   (incl. Padding)

    ----------------------------------------------------------------------

      Code (inc. data)   RO Data    RW Data    ZI Data      Debug   Library Member Name

         0          0          0          0          0          0   entry.o
         0          0          0          0          0          0   entry10a.o
         0          0          0          0          0          0   entry11a.o
         8          4          0          0          0          0   entry2.o
         4          0          0          0          0          0   entry5.o
         0          0          0          0          0          0   entry7b.o
         0          0          0          0          0          0   entry8b.o
         8          4          0          0          0          0   entry9a.o
        30          0          0          0          0          0   handlers.o
        36          8          0          0          0         68   init.o
         0          0          0          0          0          0   iusefp.o
        30          0          0          0          0         68   llshl.o
        36          0          0          0          0         68   llsshr.o
        32          0          0          0          0         68   llushr.o
        36          0          0          0          0         68   memcpya.o
        36          0          0          0          0        108   memseta.o
      2276         96          0          0          0        596   printfa.o
         0          0          0          4          0          0   stdout.o
        44          0          0          0          0         80   uidiv.o
        98          0          0          0          0         92   uldiv.o
        48          0          0          0          0         68   cdrcmple.o
       334          0          0          0          0        148   dadd.o
       222          0          0          0          0        100   ddiv.o
       186          0          0          0          0        176   depilogue.o
        48          0          0          0          0         68   dfixul.o
       228          0          0          0          0         96   dmul.o
        38          0          0          0          0         68   f2d.o
       176          0          0          0          0        140   fadd.o
       110          0          0          0          0        168   fepilogue.o
        50          0          0          0          0         68   ffixi.o
        18          0          0          0          0         68   fflti.o
       100          0          0          0          0         76   fmul.o

    ----------------------------------------------------------------------
      4236        112          0          4          0       2460   Library Totals
         4          0          0          0          0          0   (incl. Padding)

    ----------------------------------------------------------------------

      Code (inc. data)   RO Data    RW Data    ZI Data      Debug   Library Name

      2674        112          0          4          0       1216   mc_w.l
      1558          0          0          0          0       1244   mf_w.l

    ----------------------------------------------------------------------
      4236        112          0          4          0       2460   Library Totals

    ----------------------------------------------------------------------

==============================================================================


      Code (inc. data)   RO Data    RW Data    ZI Data      Debug   

     12114        766       3906         96       1512     332074   Grand Totals
     12114        766       3906         96       1512     332074   ELF Image Totals
     12114        766       3906         96          0          0   ROM Totals

==============================================================================

    Total RO  Size (Code + RO Data)                16020 (  15.64kB)
    Total RW  Size (RW Data + ZI Data)              1608 (   1.57kB)
    Total ROM Size (Code + RO Data + RW Data)      16116 (  15.74kB)

==============================================================================

